Component: ARM Compiler 5.06 update 6 (build 750) Tool: armlink [4d35ed]

==============================================================================

Section Cross References

    main.o(i.main) refers to stm32l4xx_hal.o(i.HAL_Init) for HAL_Init
    main.o(i.main) refers to stm32l4xx_hal.o(i.HAL_Delay) for HAL_Delay
    main.o(i.main) refers to clocks.o(i.vSystemClockConfig4MHz) for vSystemClockConfig4MHz
    main.o(i.main) refers to clocks.o(i.vPeriphClockConfig) for vPeriphClockConfig
    main.o(i.main) refers to stm32l4xx_hal_pwr_ex.o(i.HAL_PWREx_ControlVoltageScaling) for HAL_PWREx_ControlVoltageScaling
    main.o(i.main) refers to usart.o(i.xMBPortSerialInit) for xMBPortSerialInit
    main.o(i.main) refers to clocks.o(i.vSystemClockConfig16MHz) for vSystemClockConfig16MHz
    main.o(i.main) refers to iap.o(i.vIapStateSet) for vIapStateSet
    main.o(i.main) refers to iap.o(i.vDeviceRunControl) for vDeviceRunControl
    stm32l4xx_it.o(i.LPUART1_IRQHandler) refers to usart.o(i.vLPUART1_Rx_IRQHandler) for vLPUART1_Rx_IRQHandler
    stm32l4xx_it.o(i.LPUART1_IRQHandler) refers to usart.o(i.vLPUART1_Tx_IRQHandler) for vLPUART1_Tx_IRQHandler
    stm32l4xx_it.o(i.PVD_PVM_IRQHandler) refers to stm32l4xx_hal_pwr_ex.o(i.HAL_PWREx_PVD_PVM_IRQHandler) for HAL_PWREx_PVD_PVM_IRQHandler
    stm32l4xx_it.o(i.SysTick_Handler) refers to stm32l4xx_hal.o(i.HAL_IncTick) for HAL_IncTick
    system_stm32l4xx.o(i.SystemCoreClockUpdate) refers to system_stm32l4xx.o(.constdata) for .constdata
    system_stm32l4xx.o(i.SystemCoreClockUpdate) refers to system_stm32l4xx.o(.data) for .data
    startup_stm32l496xx.o(RESET) refers to startup_stm32l496xx.o(STACK) for __initial_sp
    startup_stm32l496xx.o(RESET) refers to startup_stm32l496xx.o(.text) for Reset_Handler
    startup_stm32l496xx.o(RESET) refers to stm32l4xx_it.o(i.NMI_Handler) for NMI_Handler
    startup_stm32l496xx.o(RESET) refers to stm32l4xx_it.o(i.HardFault_Handler) for HardFault_Handler
    startup_stm32l496xx.o(RESET) refers to stm32l4xx_it.o(i.MemManage_Handler) for MemManage_Handler
    startup_stm32l496xx.o(RESET) refers to stm32l4xx_it.o(i.BusFault_Handler) for BusFault_Handler
    startup_stm32l496xx.o(RESET) refers to stm32l4xx_it.o(i.UsageFault_Handler) for UsageFault_Handler
    startup_stm32l496xx.o(RESET) refers to stm32l4xx_it.o(i.SVC_Handler) for SVC_Handler
    startup_stm32l496xx.o(RESET) refers to stm32l4xx_it.o(i.DebugMon_Handler) for DebugMon_Handler
    startup_stm32l496xx.o(RESET) refers to stm32l4xx_it.o(i.PendSV_Handler) for PendSV_Handler
    startup_stm32l496xx.o(RESET) refers to stm32l4xx_it.o(i.SysTick_Handler) for SysTick_Handler
    startup_stm32l496xx.o(RESET) refers to stm32l4xx_it.o(i.PVD_PVM_IRQHandler) for PVD_PVM_IRQHandler
    startup_stm32l496xx.o(RESET) refers to stm32l4xx_it.o(i.LPUART1_IRQHandler) for LPUART1_IRQHandler
    startup_stm32l496xx.o(.text) refers to system_stm32l4xx.o(i.SystemInit) for SystemInit
    startup_stm32l496xx.o(.text) refers to entry.o(.ARM.Collect$$$$00000000) for __main
    stm32l4xx_hal.o(i.HAL_DeInit) refers to stm32l4xx_hal.o(i.HAL_MspDeInit) for HAL_MspDeInit
    stm32l4xx_hal.o(i.HAL_Delay) refers to stm32l4xx_hal.o(i.HAL_GetTick) for HAL_GetTick
    stm32l4xx_hal.o(i.HAL_Delay) refers to stm32l4xx_hal.o(.data) for .data
    stm32l4xx_hal.o(i.HAL_GetTick) refers to stm32l4xx_hal.o(.data) for .data
    stm32l4xx_hal.o(i.HAL_GetTickFreq) refers to stm32l4xx_hal.o(.data) for .data
    stm32l4xx_hal.o(i.HAL_GetTickPrio) refers to stm32l4xx_hal.o(.data) for .data
    stm32l4xx_hal.o(i.HAL_IncTick) refers to stm32l4xx_hal.o(.data) for .data
    stm32l4xx_hal.o(i.HAL_Init) refers to stm32l4xx_hal_cortex.o(i.HAL_NVIC_SetPriorityGrouping) for HAL_NVIC_SetPriorityGrouping
    stm32l4xx_hal.o(i.HAL_Init) refers to stm32l4xx_hal.o(i.HAL_InitTick) for HAL_InitTick
    stm32l4xx_hal.o(i.HAL_Init) refers to stm32l4xx_hal.o(i.HAL_MspInit) for HAL_MspInit
    stm32l4xx_hal.o(i.HAL_InitTick) refers to stm32l4xx_hal_cortex.o(i.HAL_SYSTICK_Config) for HAL_SYSTICK_Config
    stm32l4xx_hal.o(i.HAL_InitTick) refers to stm32l4xx_hal_cortex.o(i.HAL_NVIC_SetPriority) for HAL_NVIC_SetPriority
    stm32l4xx_hal.o(i.HAL_InitTick) refers to stm32l4xx_hal.o(.data) for .data
    stm32l4xx_hal.o(i.HAL_InitTick) refers to system_stm32l4xx.o(.data) for SystemCoreClock
    stm32l4xx_hal.o(i.HAL_SYSCFG_EnableVREFBUF) refers to stm32l4xx_hal.o(i.HAL_GetTick) for HAL_GetTick
    stm32l4xx_hal.o(i.HAL_SetTickFreq) refers to stm32l4xx_hal.o(i.HAL_InitTick) for HAL_InitTick
    stm32l4xx_hal.o(i.HAL_SetTickFreq) refers to stm32l4xx_hal.o(.data) for .data
    stm32l4xx_hal_flash.o(i.FLASH_WaitForLastOperation) refers to stm32l4xx_hal.o(i.HAL_GetTick) for HAL_GetTick
    stm32l4xx_hal_flash.o(i.FLASH_WaitForLastOperation) refers to stm32l4xx_hal_flash.o(.data) for .data
    stm32l4xx_hal_flash.o(i.HAL_FLASH_GetError) refers to stm32l4xx_hal_flash.o(.data) for .data
[...]
    usart.o(i.ulRx_State_Check) refers to usart.o(.ARM.__AT_0x20001000) for .ARM.__AT_0x20001000
    usart.o(i.ulRx_State_Check) refers to usart.o(.bss) for .bss
    usart.o(i.vLPUART1_Rx_IRQHandler) refers to usart.o(i.vMBPortSerialEnable) for vMBPortSerialEnable
    usart.o(i.vLPUART1_Rx_IRQHandler) refers to usart.o(.ARM.__AT_0x20001000) for .ARM.__AT_0x20001000
    usart.o(i.vLPUART1_Rx_IRQHandler) refers to usart.o(.data) for .data
    usart.o(i.vLPUART1_Rx_IRQHandler) refers to iap.o(.data) for eDeviceState
    usart.o(i.vLPUART1_Tx_IRQHandler) refers to usart.o(i.vMBPortSerialEnable) for vMBPortSerialEnable
    usart.o(i.vLPUART1_Tx_IRQHandler) refers to usart.o(.bss) for .bss
    usart.o(i.vLPUART1_Tx_IRQHandler) refers to usart.o(.data) for .data
    usart.o(i.vMBPortSerialEnable) refers to usart.o(i.EnterCriticalSection) for EnterCriticalSection
    usart.o(i.vMBPortSerialEnable) refers to usart.o(i.ExitCriticalSection) for ExitCriticalSection
    usart.o(i.xMBPortSerialInit) refers to memseta.o(.text) for __aeabi_memclr4
    usart.o(i.xMBPortSerialInit) refers to stm32l4xx_hal_gpio.o(i.HAL_GPIO_Init) for HAL_GPIO_Init
    usart.o(i.xMBPortSerialInit) refers to stm32l4xx_hal_cortex.o(i.HAL_NVIC_SetPriority) for HAL_NVIC_SetPriority
    usart.o(i.xMBPortSerialInit) refers to stm32l4xx_hal_cortex.o(i.HAL_NVIC_EnableIRQ) for HAL_NVIC_EnableIRQ
    usart.o(i.xMBPortSerialInit) refers to uldiv.o(.text) for __aeabi_uldivmod
    usart.o(i.xMBPortSerialInit) refers to usart.o(i.vMBPortSerialEnable) for vMBPortSerialEnable
    aes.o(i.AES) refers to memcpya.o(.text) for __aeabi_memcpy4
    aes.o(i.AES) refers to aes.o(i.KeyExpansion) for KeyExpansion
    aes.o(i.AES) refers to aes.o(.constdata) for .constdata
    aes.o(i.AES) refers to aes.o(.bss) for .bss
    aes.o(i.Cipher) refers to aes.o(i.AddRoundKey) for AddRoundKey
    aes.o(i.Cipher) refers to aes.o(i.SubBytes) for SubBytes
    aes.o(i.Cipher) refers to aes.o(i.ShiftRows) for ShiftRows
    aes.o(i.Cipher) refers to aes.o(i.MixColumns) for MixColumns
    aes.o(i.Cipher) refers to aes.o(.bss) for .bss
    aes.o(i.Cipherfor) refers to aes.o(i.Cipher) for Cipher
    aes.o(i.InvCipher) refers to aes.o(i.AddRoundKey) for AddRoundKey
    aes.o(i.InvCipher) refers to aes.o(i.InvShiftRows) for InvShiftRows
    aes.o(i.InvCipher) refers to aes.o(i.InvSubBytes) for InvSubBytes
    aes.o(i.InvCipher) refers to aes.o(i.InvMixColumns) for InvMixColumns
    aes.o(i.InvCipher) refers to aes.o(.bss) for .bss
    aes.o(i.InvCipherfor) refers to aes.o(i.InvCipher) for InvCipher
    aes.o(i.InvMixColumns) refers to aes.o(i.FFmul) for FFmul
    aes.o(i.InvSubBytes) refers to aes.o(.bss) for .bss
    aes.o(i.KeyExpansion) refers to aes.o(.bss) for .bss
    aes.o(i.MixColumns) refers to aes.o(i.FFmul) for FFmul
    aes.o(i.SubBytes) refers to aes.o(.bss) for .bss
    entry.o(.ARM.Collect$$$$00000000) refers (Special) to entry10a.o(.ARM.Collect$$$$0000000D) for __rt_final_cpp
    entry.o(.ARM.Collect$$$$00000000) refers (Special) to entry11a.o(.ARM.Collect$$$$0000000F) for __rt_final_exit
    entry.o(.ARM.Collect$$$$00000000) refers (Special) to entry7b.o(.ARM.Collect$$$$00000008) for _main_clock
    entry.o(.ARM.Collect$$$$00000000) refers (Special) to entry8b.o(.ARM.Collect$$$$0000000A) for _main_cpp_init
    entry.o(.ARM.Collect$$$$00000000) refers (Special) to entry9a.o(.ARM.Collect$$$$0000000B) for _main_init
    entry.o(.ARM.Collect$$$$00000000) refers (Special) to entry5.o(.ARM.Collect$$$$00000004) for _main_scatterload
    entry.o(.ARM.Collect$$$$00000000) refers (Special) to entry2.o(.ARM.Collect$$$$00000001) for _main_stk
    uldiv.o(.text) refers to llushr.o(.text) for __aeabi_llsr
    uldiv.o(.text) refers to llshl.o(.text) for __aeabi_llsl
    entry2.o(.ARM.Collect$$$$00000001) refers to entry2.o(.ARM.Collect$$$$00002712) for __lit__00000000
    entry2.o(.ARM.Collect$$$$00002712) refers to startup_stm32l496xx.o(STACK) for __initial_sp
    entry2.o(__vectab_stack_and_reset_area) refers to startup_stm32l496xx.o(STACK) for __initial_sp
    entry2.o(__vectab_stack_and_reset_area) refers to entry.o(.ARM.Collect$$$$00000000) for __main
    entry5.o(.ARM.Collect$$$$00000004) refers to init.o(.text) for __scatterload
    entry9a.o(.ARM.Collect$$$$0000000B) refers to main.o(i.main) for main
    entry9b.o(.ARM.Collect$$$$0000000C) refers to main.o(i.main) for main
    init.o(.text) refers to entry5.o(.ARM.Collect$$$$00000004) for __main_after_scatterload


==============================================================================

Removing Unused input sections from the image.

    Removing main.o(.rev16_text), (4 bytes).
    Removing main.o(.revsh_text), (4 bytes).
    Removing main.o(.rrx_text), (6 bytes).
    Removing stm32l4xx_it.o(.rev16_text), (4 bytes).
    Removing stm32l4xx_it.o(.revsh_text), (4 bytes).
    Removing stm32l4xx_it.o(.rrx_text), (6 bytes).
    Removing system_stm32l4xx.o(.rev16_text), (4 bytes).
    Removing system_stm32l4xx.o(.revsh_text), (4 bytes).
    Removing system_stm32l4xx.o(.rrx_text), (6 bytes).
    Removing system_stm32l4xx.o(i.SystemCoreClockUpdate), (168 bytes).
    Removing system_stm32l4xx.o(.constdata), (8 bytes).
    Removing startup_stm32l496xx.o(HEAP), (512 bytes).
    Removing stm32l4xx_hal.o(.rev16_text), (4 bytes).
    Removing stm32l4xx_hal.o(.revsh_text), (4 bytes).
    Removing stm32l4xx_hal.o(.rrx_text), (6 bytes).
    Removing stm32l4xx_hal.o(i.HAL_DBGMCU_DisableDBGSleepMode), (16 bytes).
    Removing stm32l4xx_hal.o(i.HAL_DBGMCU_DisableDBGStandbyMode), (16 bytes).
    Removing stm32l4xx_hal.o(i.HAL_DBGMCU_DisableDBGStopMode), (16 bytes).
    Removing stm32l4xx_hal.o(i.HAL_DBGMCU_EnableDBGSleepMode), (16 bytes).
    Removing stm32l4xx_hal.o(i.HAL_DBGMCU_EnableDBGStandbyMode), (16 bytes).
    Removing stm32l4xx_hal.o(i.HAL_DBGMCU_EnableDBGStopMode), (16 bytes).
    Removing stm32l4xx_hal.o(i.HAL_GetDEVID), (16 bytes).
    Removing stm32l4xx_hal.o(i.HAL_GetHalVersion), (8 bytes).
    Removing stm32l4xx_hal.o(i.HAL_GetREVID), (12 bytes).
    Removing stm32l4xx_hal.o(i.HAL_GetTickFreq), (12 bytes).
    Removing stm32l4xx_hal.o(i.HAL_GetTickPrio), (12 bytes).
    Removing stm32l4xx_hal.o(i.HAL_GetUIDw0), (12 bytes).
    Removing stm32l4xx_hal.o(i.HAL_GetUIDw1), (12 bytes).
    Removing stm32l4xx_hal.o(i.HAL_GetUIDw2), (12 bytes).
    Removing stm32l4xx_hal.o(i.HAL_ResumeTick), (14 bytes).
    Removing stm32l4xx_hal.o(i.HAL_SYSCFG_DisableIOAnalogSwitchBooster), (16 bytes).
    Removing stm32l4xx_hal.o(i.HAL_SYSCFG_DisableMemorySwappingBank), (12 bytes).
    Removing stm32l4xx_hal.o(i.HAL_SYSCFG_DisableVREFBUF), (16 bytes).
    Removing stm32l4xx_hal.o(i.HAL_SYSCFG_EnableIOAnalogSwitchBooster), (16 bytes).
    Removing stm32l4xx_hal.o(i.HAL_SYSCFG_EnableMemorySwappingBank), (12 bytes).
    Removing stm32l4xx_hal.o(i.HAL_SYSCFG_EnableVREFBUF), (48 bytes).
    Removing stm32l4xx_hal.o(i.HAL_SYSCFG_SRAM2Erase), (28 bytes).
    Removing stm32l4xx_hal.o(i.HAL_SYSCFG_VREFBUF_HighImpedanceConfig), (20 bytes).
    Removing stm32l4xx_hal.o(i.HAL_SYSCFG_VREFBUF_TrimmingConfig), (20 bytes).
    Removing stm32l4xx_hal.o(i.HAL_SYSCFG_VREFBUF_VoltageScalingConfig), (20 bytes).
    Removing stm32l4xx_hal.o(i.HAL_SetTickFreq), (36 bytes).
    Removing stm32l4xx_hal.o(i.HAL_SuspendTick), (14 bytes).
    Removing stm32l4xx_hal_flash.o(.rev16_text), (4 bytes).
    Removing stm32l4xx_hal_flash.o(.revsh_text), (4 bytes).
    Removing stm32l4xx_hal_flash.o(.rrx_text), (6 bytes).
    Removing stm32l4xx_hal_flash.o(i.HAL_FLASH_EndOfOperationCallback), (2 bytes).
    Removing stm32l4xx_hal_flash.o(i.HAL_FLASH_GetError), (12 bytes).
    Removing stm32l4xx_hal_flash.o(i.HAL_FLASH_IRQHandler), (240 bytes).
    Removing stm32l4xx_hal_flash.o(i.HAL_FLASH_OB_Launch), (24 bytes).
    Removing stm32l4xx_hal_flash.o(i.HAL_FLASH_OB_Lock), (20 bytes).
    Removing stm32l4xx_hal_flash.o(i.HAL_FLASH_OB_Unlock), (36 bytes).
    Removing stm32l4xx_hal_flash.o(i.HAL_FLASH_OperationErrorCallback), (2 bytes).
    Removing stm32l4xx_hal_flash.o(i.HAL_FLASH_Program_IT), (116 bytes).
    Removing stm32l4xx_hal_flash_ex.o(.rev16_text), (4 bytes).
    Removing stm32l4xx_hal_flash_ex.o(.revsh_text), (4 bytes).
    Removing stm32l4xx_hal_flash_ex.o(.rrx_text), (6 bytes).
    Removing stm32l4xx_hal_flash_ex.o(i.FLASH_OB_GetPCROP), (144 bytes).
    Removing stm32l4xx_hal_flash_ex.o(i.FLASH_OB_PCROPConfig), (212 bytes).
    Removing stm32l4xx_hal_flash_ex.o(i.FLASH_OB_UserConfig), (276 bytes).
    Removing stm32l4xx_hal_flash_ex.o(i.FLASH_OB_WRPConfig), (124 bytes).
    Removing stm32l4xx_hal_flash_ex.o(i.HAL_FLASHEx_Erase_IT), (148 bytes).
    Removing stm32l4xx_hal_flash_ex.o(i.HAL_FLASHEx_OBGetConfig), (152 bytes).
    Removing stm32l4xx_hal_flash_ex.o(i.HAL_FLASHEx_OBProgram), (172 bytes).
    Removing stm32l4xx_hal_flash_ramfunc.o(.rev16_text), (4 bytes).
    Removing stm32l4xx_hal_flash_ramfunc.o(.revsh_text), (4 bytes).
    Removing stm32l4xx_hal_flash_ramfunc.o(.rrx_text), (6 bytes).
    Removing stm32l4xx_hal_flash_ramfunc.o(i.HAL_FLASHEx_DisableRunPowerDown), (36 bytes).
    Removing stm32l4xx_hal_flash_ramfunc.o(i.HAL_FLASHEx_EnableRunPowerDown), (36 bytes).
    Removing stm32l4xx_hal_pwr.o(.rev16_text), (4 bytes).
    Removing stm32l4xx_hal_pwr.o(.revsh_text), (4 bytes).
    Removing stm32l4xx_hal_pwr.o(.rrx_text), (6 bytes).
    Removing stm32l4xx_hal_pwr.o(i.HAL_PWR_ConfigPVD), (128 bytes).
    Removing stm32l4xx_hal_pwr.o(i.HAL_PWR_DeInit), (24 bytes).
    Removing stm32l4xx_hal_pwr.o(i.HAL_PWR_DisableBkUpAccess), (16 bytes).
    Removing stm32l4xx_hal_pwr.o(i.HAL_PWR_DisablePVD), (16 bytes).
    Removing stm32l4xx_hal_pwr.o(i.HAL_PWR_DisableSEVOnPend), (16 bytes).
    Removing stm32l4xx_hal_pwr.o(i.HAL_PWR_DisableSleepOnExit), (16 bytes).
    Removing stm32l4xx_hal_pwr.o(i.HAL_PWR_DisableWakeUpPin), (20 bytes).
    Removing stm32l4xx_hal_pwr.o(i.HAL_PWR_EnablePVD), (16 bytes).
    Removing stm32l4xx_hal_pwr.o(i.HAL_PWR_EnableSEVOnPend), (16 bytes).
    Removing stm32l4xx_hal_pwr.o(i.HAL_PWR_EnableSleepOnExit), (16 bytes).
    Removing stm32l4xx_hal_pwr.o(i.HAL_PWR_EnableWakeUpPin), (28 bytes).
    Removing stm32l4xx_hal_pwr.o(i.HAL_PWR_EnterSLEEPMode), (72 bytes).
    Removing stm32l4xx_hal_pwr.o(i.HAL_PWR_EnterSTANDBYMode), (36 bytes).
    Removing stm32l4xx_hal_pwr.o(i.HAL_PWR_EnterSTOPMode), (16 bytes).
    Removing stm32l4xx_hal_pwr_ex.o(.rev16_text), (4 bytes).
    Removing stm32l4xx_hal_pwr_ex.o(.revsh_text), (4 bytes).
    Removing stm32l4xx_hal_pwr_ex.o(.rrx_text), (6 bytes).
    Removing stm32l4xx_hal_pwr_ex.o(i.HAL_PWREx_ConfigPVM), (400 bytes).
    Removing stm32l4xx_hal_pwr_ex.o(i.HAL_PWREx_DisableBatteryCharging), (16 bytes).
    Removing stm32l4xx_hal_pwr_ex.o(i.HAL_PWREx_DisableGPIOPullDown), (124 bytes).
    Removing stm32l4xx_hal_pwr_ex.o(i.HAL_PWREx_DisableGPIOPullUp), (116 bytes).
    Removing stm32l4xx_hal_pwr_ex.o(i.HAL_PWREx_DisableInternalWakeUpLine), (16 bytes).
    Removing stm32l4xx_hal_pwr_ex.o(i.HAL_PWREx_DisableLowPowerRunMode), (68 bytes).
    Removing stm32l4xx_hal_pwr_ex.o(i.HAL_PWREx_DisablePVM1), (16 bytes).
    Removing stm32l4xx_hal_pwr_ex.o(i.HAL_PWREx_DisablePVM2), (16 bytes).
    Removing stm32l4xx_hal_pwr_ex.o(i.HAL_PWREx_DisablePVM3), (16 bytes).
    Removing stm32l4xx_hal_pwr_ex.o(i.HAL_PWREx_DisablePVM4), (16 bytes).
    Removing stm32l4xx_hal_pwr_ex.o(i.HAL_PWREx_DisablePullUpPullDownConfig), (16 bytes).
    Removing stm32l4xx_hal_pwr_ex.o(i.HAL_PWREx_DisableSRAM2ContentRetention), (6 bytes).
    Removing stm32l4xx_hal_pwr_ex.o(i.HAL_PWREx_DisableVddIO2), (16 bytes).
    Removing stm32l4xx_hal_pwr_ex.o(i.HAL_PWREx_DisableVddUSB), (16 bytes).
    Removing stm32l4xx_hal_pwr_ex.o(i.HAL_PWREx_EnableBatteryCharging), (28 bytes).
    Removing stm32l4xx_hal_pwr_ex.o(i.HAL_PWREx_EnableGPIOPullDown), (184 bytes).
    Removing stm32l4xx_hal_pwr_ex.o(i.HAL_PWREx_EnableGPIOPullUp), (184 bytes).
    Removing stm32l4xx_hal_pwr_ex.o(i.HAL_PWREx_EnableInternalWakeUpLine), (16 bytes).
    Removing stm32l4xx_hal_pwr_ex.o(i.HAL_PWREx_EnableLowPowerRunMode), (16 bytes).
    Removing stm32l4xx_hal_pwr_ex.o(i.HAL_PWREx_EnablePVM1), (16 bytes).
    Removing stm32l4xx_hal_pwr_ex.o(i.HAL_PWREx_EnablePVM2), (16 bytes).
    Removing stm32l4xx_hal_pwr_ex.o(i.HAL_PWREx_EnablePVM3), (16 bytes).
    Removing stm32l4xx_hal_pwr_ex.o(i.HAL_PWREx_EnablePVM4), (16 bytes).
    Removing stm32l4xx_hal_pwr_ex.o(i.HAL_PWREx_EnablePullUpPullDownConfig), (16 bytes).
    Removing stm32l4xx_hal_pwr_ex.o(i.HAL_PWREx_EnableSRAM2ContentRetention), (8 bytes).
    Removing stm32l4xx_hal_pwr_ex.o(i.HAL_PWREx_EnableVddIO2), (16 bytes).
    Removing stm32l4xx_hal_pwr_ex.o(i.HAL_PWREx_EnableVddUSB), (16 bytes).
    Removing stm32l4xx_hal_pwr_ex.o(i.HAL_PWREx_EnterSHUTDOWNMode), (36 bytes).
    Removing stm32l4xx_hal_pwr_ex.o(i.HAL_PWREx_EnterSTOP0Mode), (52 bytes).
    Removing stm32l4xx_hal_pwr_ex.o(i.HAL_PWREx_EnterSTOP1Mode), (56 bytes).
    Removing stm32l4xx_hal_pwr_ex.o(i.HAL_PWREx_EnterSTOP2Mode), (56 bytes).
    Removing stm32l4xx_hal_pwr_ex.o(i.HAL_PWREx_SetSRAM2ContentRetention), (40 bytes).
    Removing stm32l4xx_hal_gpio.o(.rev16_text), (4 bytes).
    Removing stm32l4xx_hal_gpio.o(.revsh_text), (4 bytes).
    Removing stm32l4xx_hal_gpio.o(.rrx_text), (6 bytes).
    Removing stm32l4xx_hal_gpio.o(i.HAL_GPIO_DeInit), (310 bytes).
    Removing stm32l4xx_hal_gpio.o(i.HAL_GPIO_EXTI_Callback), (2 bytes).
    Removing stm32l4xx_hal_gpio.o(i.HAL_GPIO_EXTI_IRQHandler), (24 bytes).
    Removing stm32l4xx_hal_gpio.o(i.HAL_GPIO_LockPin), (34 bytes).
    Removing stm32l4xx_hal_gpio.o(i.HAL_GPIO_ReadPin), (10 bytes).
    Removing stm32l4xx_hal_gpio.o(i.HAL_GPIO_TogglePin), (16 bytes).
    Removing stm32l4xx_hal_gpio.o(i.HAL_GPIO_WritePin), (10 bytes).
    Removing stm32l4xx_hal_rcc.o(.rev16_text), (4 bytes).
    Removing stm32l4xx_hal_rcc.o(.revsh_text), (4 bytes).
    Removing stm32l4xx_hal_rcc.o(.rrx_text), (6 bytes).
    Removing stm32l4xx_hal_rcc.o(i.HAL_RCC_CSSCallback), (2 bytes).
    Removing stm32l4xx_hal_rcc.o(i.HAL_RCC_DeInit), (228 bytes).
    Removing stm32l4xx_hal_rcc.o(i.HAL_RCC_EnableCSS), (16 bytes).
    Removing stm32l4xx_hal_rcc.o(i.HAL_RCC_GetClockConfig), (64 bytes).
    Removing stm32l4xx_hal_rcc.o(i.HAL_RCC_GetHCLKFreq), (12 bytes).
    Removing stm32l4xx_hal_rcc.o(i.HAL_RCC_GetOscConfig), (228 bytes).
    Removing stm32l4xx_hal_rcc.o(i.HAL_RCC_GetPCLK1Freq), (36 bytes).
    Removing stm32l4xx_hal_rcc.o(i.HAL_RCC_GetPCLK2Freq), (36 bytes).
    Removing stm32l4xx_hal_rcc.o(i.HAL_RCC_MCOConfig), (72 bytes).
    Removing stm32l4xx_hal_rcc.o(i.HAL_RCC_NMI_IRQHandler), (24 bytes).
    Removing stm32l4xx_hal_rcc_ex.o(.rev16_text), (4 bytes).
    Removing stm32l4xx_hal_rcc_ex.o(.revsh_text), (4 bytes).
    Removing stm32l4xx_hal_rcc_ex.o(.rrx_text), (6 bytes).
    Removing stm32l4xx_hal_rcc_ex.o(i.HAL_RCCEx_CRSConfig), (76 bytes).
    Removing stm32l4xx_hal_rcc_ex.o(i.HAL_RCCEx_CRSGetSynchronizationInfo), (36 bytes).
    Removing stm32l4xx_hal_rcc_ex.o(i.HAL_RCCEx_CRSSoftwareSynchronizationGenerate), (16 bytes).
    Removing stm32l4xx_hal_rcc_ex.o(i.HAL_RCCEx_CRSWaitSynchronization), (132 bytes).
    Removing stm32l4xx_hal_rcc_ex.o(i.HAL_RCCEx_CRS_ErrorCallback), (2 bytes).
    Removing stm32l4xx_hal_rcc_ex.o(i.HAL_RCCEx_CRS_ExpectedSyncCallback), (2 bytes).
    Removing stm32l4xx_hal_rcc_ex.o(i.HAL_RCCEx_CRS_IRQHandler), (108 bytes).
    Removing stm32l4xx_hal_rcc_ex.o(i.HAL_RCCEx_CRS_SyncOkCallback), (2 bytes).
    Removing stm32l4xx_hal_rcc_ex.o(i.HAL_RCCEx_CRS_SyncWarnCallback), (2 bytes).
    Removing stm32l4xx_hal_rcc_ex.o(i.HAL_RCCEx_DisableLSCO), (88 bytes).
    Removing stm32l4xx_hal_rcc_ex.o(i.HAL_RCCEx_DisableLSECSS), (28 bytes).
    Removing stm32l4xx_hal_rcc_ex.o(i.HAL_RCCEx_DisableMSIPLLMode), (16 bytes).
    Removing stm32l4xx_hal_rcc_ex.o(i.HAL_RCCEx_DisablePLLSAI1), (80 bytes).
    Removing stm32l4xx_hal_rcc_ex.o(i.HAL_RCCEx_DisablePLLSAI2), (80 bytes).
    Removing stm32l4xx_hal_rcc_ex.o(i.HAL_RCCEx_EnableLSCO), (140 bytes).
    Removing stm32l4xx_hal_rcc_ex.o(i.HAL_RCCEx_EnableLSECSS), (20 bytes).
    Removing stm32l4xx_hal_rcc_ex.o(i.HAL_RCCEx_EnableLSECSS_IT), (56 bytes).
    Removing stm32l4xx_hal_rcc_ex.o(i.HAL_RCCEx_EnableMSIPLLMode), (16 bytes).
    Removing stm32l4xx_hal_rcc_ex.o(i.HAL_RCCEx_EnablePLLSAI1), (152 bytes).
    Removing stm32l4xx_hal_rcc_ex.o(i.HAL_RCCEx_EnablePLLSAI2), (136 bytes).
    Removing stm32l4xx_hal_rcc_ex.o(i.HAL_RCCEx_GetPeriphCLKConfig), (300 bytes).
    Removing stm32l4xx_hal_rcc_ex.o(i.HAL_RCCEx_GetPeriphCLKFreq), (1030 bytes).
    Removing stm32l4xx_hal_rcc_ex.o(i.HAL_RCCEx_LSECSS_Callback), (2 bytes).
    Removing stm32l4xx_hal_rcc_ex.o(i.HAL_RCCEx_LSECSS_IRQHandler), (24 bytes).
    Removing stm32l4xx_hal_rcc_ex.o(i.HAL_RCCEx_StandbyMSIRangeConfig), (24 bytes).
    Removing stm32l4xx_hal_rcc_ex.o(i.HAL_RCCEx_WakeUpStopCLKConfig), (20 bytes).
    Removing stm32l4xx_hal_rcc_ex.o(i.RCCEx_GetSAIxPeriphCLKFreq), (236 bytes).
    Removing stm32l4xx_hal_cortex.o(.rev16_text), (4 bytes).
    Removing stm32l4xx_hal_cortex.o(.revsh_text), (4 bytes).
    Removing stm32l4xx_hal_cortex.o(.rrx_text), (6 bytes).
    Removing stm32l4xx_hal_cortex.o(i.HAL_MPU_ConfigRegion), (84 bytes).
    Removing stm32l4xx_hal_cortex.o(i.HAL_MPU_Disable), (16 bytes).
    Removing stm32l4xx_hal_cortex.o(i.HAL_MPU_Enable), (24 bytes).
    Removing stm32l4xx_hal_cortex.o(i.HAL_NVIC_GetActive), (36 bytes).
    Removing stm32l4xx_hal_cortex.o(i.HAL_NVIC_GetPendingIRQ), (36 bytes).
    Removing stm32l4xx_hal_cortex.o(i.HAL_NVIC_GetPriority), (84 bytes).
    Removing stm32l4xx_hal_cortex.o(i.HAL_NVIC_GetPriorityGrouping), (16 bytes).
    Removing stm32l4xx_hal_cortex.o(i.HAL_NVIC_SetPendingIRQ), (26 bytes).
    Removing stm32l4xx_hal_cortex.o(i.HAL_NVIC_SystemReset), (36 bytes).
    Removing stm32l4xx_hal_cortex.o(i.HAL_SYSTICK_CLKSourceConfig), (24 bytes).
    Removing stm32l4xx_hal_cortex.o(i.HAL_SYSTICK_Callback), (2 bytes).
    Removing stm32l4xx_hal_cortex.o(i.HAL_SYSTICK_IRQHandler), (8 bytes).
    Removing stm32l4xx_hal_uart.o(.rev16_text), (4 bytes).
    Removing stm32l4xx_hal_uart.o(.revsh_text), (4 bytes).
    Removing stm32l4xx_hal_uart.o(.rrx_text), (6 bytes).
    Removing stm32l4xx_hal_uart.o(i.HAL_HalfDuplex_EnableReceiver), (56 bytes).
    Removing stm32l4xx_hal_uart.o(i.HAL_HalfDuplex_EnableTransmitter), (56 bytes).
    Removing stm32l4xx_hal_uart.o(i.HAL_HalfDuplex_Init), (112 bytes).
    Removing stm32l4xx_hal_uart.o(i.HAL_LIN_Init), (136 bytes).
    Removing stm32l4xx_hal_uart.o(i.HAL_LIN_SendBreak), (46 bytes).
    Removing stm32l4xx_hal_uart.o(i.HAL_MultiProcessor_DisableMuteMode), (40 bytes).
    Removing stm32l4xx_hal_uart.o(i.HAL_MultiProcessor_EnableMuteMode), (40 bytes).
    Removing stm32l4xx_hal_uart.o(i.HAL_MultiProcessor_EnterMuteMode), (12 bytes).
    Removing stm32l4xx_hal_uart.o(i.HAL_MultiProcessor_Init), (134 bytes).
    Removing stm32l4xx_hal_uart.o(i.HAL_UARTEx_RxEventCallback), (2 bytes).
    Removing stm32l4xx_hal_uart.o(i.HAL_UART_Abort), (176 bytes).
    Removing stm32l4xx_hal_uart.o(i.HAL_UART_AbortCpltCallback), (2 bytes).
    Removing stm32l4xx_hal_uart.o(i.HAL_UART_AbortReceive), (124 bytes).
    Removing stm32l4xx_hal_uart.o(i.HAL_UART_AbortReceiveCpltCallback), (2 bytes).
    Removing stm32l4xx_hal_uart.o(i.HAL_UART_AbortReceive_IT), (140 bytes).
    Removing stm32l4xx_hal_uart.o(i.HAL_UART_AbortTransmit), (80 bytes).
    Removing stm32l4xx_hal_uart.o(i.HAL_UART_AbortTransmitCpltCallback), (2 bytes).
    Removing stm32l4xx_hal_uart.o(i.HAL_UART_AbortTransmit_IT), (84 bytes).
    Removing stm32l4xx_hal_uart.o(i.HAL_UART_Abort_IT), (212 bytes).
    Removing stm32l4xx_hal_uart.o(i.HAL_UART_DMAPause), (96 bytes).
    Removing stm32l4xx_hal_uart.o(i.HAL_UART_DMAResume), (88 bytes).
    Removing stm32l4xx_hal_uart.o(i.HAL_UART_DMAStop), (116 bytes).
    Removing stm32l4xx_hal_uart.o(i.HAL_UART_DeInit), (62 bytes).
    Removing stm32l4xx_hal_uart.o(i.HAL_UART_DisableReceiverTimeout), (64 bytes).
    Removing stm32l4xx_hal_uart.o(i.HAL_UART_EnableReceiverTimeout), (64 bytes).
    Removing stm32l4xx_hal_uart.o(i.HAL_UART_ErrorCallback), (2 bytes).
    Removing stm32l4xx_hal_uart.o(i.HAL_UART_GetError), (6 bytes).
    Removing stm32l4xx_hal_uart.o(i.HAL_UART_GetState), (8 bytes).
    Removing stm32l4xx_hal_uart.o(i.HAL_UART_IRQHandler), (572 bytes).
    Removing stm32l4xx_hal_uart.o(i.HAL_UART_Init), (102 bytes).
    Removing stm32l4xx_hal_uart.o(i.HAL_UART_MspDeInit), (2 bytes).
    Removing stm32l4xx_hal_uart.o(i.HAL_UART_MspInit), (2 bytes).
    Removing stm32l4xx_hal_uart.o(i.HAL_UART_Receive), (246 bytes).
    Removing stm32l4xx_hal_uart.o(i.HAL_UART_Receive_DMA), (72 bytes).
    Removing stm32l4xx_hal_uart.o(i.HAL_UART_Receive_IT), (72 bytes).
    Removing stm32l4xx_hal_uart.o(i.HAL_UART_ReceiverTimeout_Config), (24 bytes).
    Removing stm32l4xx_hal_uart.o(i.HAL_UART_RxCpltCallback), (2 bytes).
    Removing stm32l4xx_hal_uart.o(i.HAL_UART_RxHalfCpltCallback), (2 bytes).
    Removing stm32l4xx_hal_uart.o(i.HAL_UART_Transmit), (180 bytes).
    Removing stm32l4xx_hal_uart.o(i.HAL_UART_Transmit_DMA), (148 bytes).
    Removing stm32l4xx_hal_uart.o(i.HAL_UART_Transmit_IT), (104 bytes).
    Removing stm32l4xx_hal_uart.o(i.HAL_UART_TxCpltCallback), (2 bytes).
    Removing stm32l4xx_hal_uart.o(i.HAL_UART_TxHalfCpltCallback), (2 bytes).
    Removing stm32l4xx_hal_uart.o(i.UART_AdvFeatureConfig), (200 bytes).
    Removing stm32l4xx_hal_uart.o(i.UART_CheckIdleState), (92 bytes).
    Removing stm32l4xx_hal_uart.o(i.UART_DMAAbortOnError), (20 bytes).
    Removing stm32l4xx_hal_uart.o(i.UART_DMAError), (76 bytes).
    Removing stm32l4xx_hal_uart.o(i.UART_DMAReceiveCplt), (92 bytes).
    Removing stm32l4xx_hal_uart.o(i.UART_DMARxAbortCallback), (62 bytes).
    Removing stm32l4xx_hal_uart.o(i.UART_DMARxHalfCplt), (28 bytes).
    Removing stm32l4xx_hal_uart.o(i.UART_DMARxOnlyAbortCallback), (38 bytes).
    Removing stm32l4xx_hal_uart.o(i.UART_DMATransmitCplt), (48 bytes).
    Removing stm32l4xx_hal_uart.o(i.UART_DMATxAbortCallback), (52 bytes).
    Removing stm32l4xx_hal_uart.o(i.UART_DMATxHalfCplt), (10 bytes).
    Removing stm32l4xx_hal_uart.o(i.UART_DMATxOnlyAbortCallback), (20 bytes).
    Removing stm32l4xx_hal_uart.o(i.UART_EndRxTransfer), (48 bytes).
    Removing stm32l4xx_hal_uart.o(i.UART_EndTxTransfer), (16 bytes).
    Removing stm32l4xx_hal_uart.o(i.UART_RxISR_16BIT), (124 bytes).
    Removing stm32l4xx_hal_uart.o(i.UART_RxISR_8BIT), (124 bytes).
    Removing stm32l4xx_hal_uart.o(i.UART_SetConfig), (584 bytes).
    Removing stm32l4xx_hal_uart.o(i.UART_Start_Receive_DMA), (132 bytes).
    Removing stm32l4xx_hal_uart.o(i.UART_Start_Receive_IT), (144 bytes).
    Removing stm32l4xx_hal_uart.o(i.UART_TxISR_16BIT), (64 bytes).
    Removing stm32l4xx_hal_uart.o(i.UART_TxISR_8BIT), (60 bytes).
    Removing stm32l4xx_hal_uart.o(i.UART_WaitOnFlagUntilTimeout), (160 bytes).
    Removing stm32l4xx_hal_uart_ex.o(.rev16_text), (4 bytes).
    Removing stm32l4xx_hal_uart_ex.o(.revsh_text), (4 bytes).
    Removing stm32l4xx_hal_uart_ex.o(.rrx_text), (6 bytes).
    Removing stm32l4xx_hal_uart_ex.o(i.HAL_MultiProcessorEx_AddressLength_Set), (46 bytes).
    Removing stm32l4xx_hal_uart_ex.o(i.HAL_RS485Ex_Init), (136 bytes).
    Removing stm32l4xx_hal_uart_ex.o(i.HAL_UARTEx_DisableClockStopMode), (38 bytes).
    Removing stm32l4xx_hal_uart_ex.o(i.HAL_UARTEx_DisableStopMode), (38 bytes).
    Removing stm32l4xx_hal_uart_ex.o(i.HAL_UARTEx_EnableClockStopMode), (38 bytes).
    Removing stm32l4xx_hal_uart_ex.o(i.HAL_UARTEx_EnableStopMode), (38 bytes).
    Removing stm32l4xx_hal_uart_ex.o(i.HAL_UARTEx_ReceiveToIdle), (314 bytes).
    Removing stm32l4xx_hal_uart_ex.o(i.HAL_UARTEx_ReceiveToIdle_DMA), (72 bytes).
    Removing stm32l4xx_hal_uart_ex.o(i.HAL_UARTEx_ReceiveToIdle_IT), (72 bytes).
    Removing stm32l4xx_hal_uart_ex.o(i.HAL_UARTEx_StopModeWakeUpSourceConfig), (134 bytes).
    Removing stm32l4xx_hal_uart_ex.o(i.HAL_UARTEx_WakeupCallback), (2 bytes).
    Removing stm32l4xx_hal_usart.o(.rev16_text), (4 bytes).
    Removing stm32l4xx_hal_usart.o(.revsh_text), (4 bytes).
    Removing stm32l4xx_hal_usart.o(.rrx_text), (6 bytes).
    Removing stm32l4xx_hal_usart_ex.o(.rev16_text), (4 bytes).
    Removing stm32l4xx_hal_usart_ex.o(.revsh_text), (4 bytes).
    Removing stm32l4xx_hal_usart_ex.o(.rrx_text), (6 bytes).
    Removing stm32l4xx_hal_dma.o(.rev16_text), (4 bytes).
    Removing stm32l4xx_hal_dma.o(.revsh_text), (4 bytes).
    Removing stm32l4xx_hal_dma.o(.rrx_text), (6 bytes).
    Removing stm32l4xx_hal_dma.o(i.DMA_SetConfig), (46 bytes).
    Removing stm32l4xx_hal_dma.o(i.HAL_DMA_Abort), (74 bytes).
    Removing stm32l4xx_hal_dma.o(i.HAL_DMA_Abort_IT), (78 bytes).
    Removing stm32l4xx_hal_dma.o(i.HAL_DMA_DeInit), (156 bytes).
    Removing stm32l4xx_hal_dma.o(i.HAL_DMA_GetError), (4 bytes).
    Removing stm32l4xx_hal_dma.o(i.HAL_DMA_GetState), (6 bytes).
    Removing stm32l4xx_hal_dma.o(i.HAL_DMA_IRQHandler), (186 bytes).
    Removing stm32l4xx_hal_dma.o(i.HAL_DMA_Init), (224 bytes).
    Removing stm32l4xx_hal_dma.o(i.HAL_DMA_PollForTransfer), (220 bytes).
    Removing stm32l4xx_hal_dma.o(i.HAL_DMA_RegisterCallback), (74 bytes).
    Removing stm32l4xx_hal_dma.o(i.HAL_DMA_Start), (80 bytes).
    Removing stm32l4xx_hal_dma.o(i.HAL_DMA_Start_IT), (112 bytes).
    Removing stm32l4xx_hal_dma.o(i.HAL_DMA_UnRegisterCallback), (82 bytes).
    Removing stm32l4xx_hal_dma_ex.o(.rev16_text), (4 bytes).
    Removing stm32l4xx_hal_dma_ex.o(.revsh_text), (4 bytes).
    Removing stm32l4xx_hal_dma_ex.o(.rrx_text), (6 bytes).
    Removing clocks.o(.rev16_text), (4 bytes).
    Removing clocks.o(.revsh_text), (4 bytes).
    Removing clocks.o(.rrx_text), (6 bytes).
    Removing clocks.o(i.vSystemClockConfig1MHz), (76 bytes).
    Removing clocks.o(i.vSystemClockConfig20MHz), (92 bytes).
    Removing clocks.o(i.vSystemClockConfig80MHz), (98 bytes).
    Removing dataprocess.o(.rev16_text), (4 bytes).
    Removing dataprocess.o(.revsh_text), (4 bytes).
    Removing dataprocess.o(.rrx_text), (6 bytes).
    Removing iap.o(.rev16_text), (4 bytes).
    Removing iap.o(.revsh_text), (4 bytes).
    Removing iap.o(.rrx_text), (6 bytes).
    Removing iap.o(i.vDeviceSLeep), (56 bytes).
    Removing stmflash.o(.rev16_text), (4 bytes).
    Removing stmflash.o(.revsh_text), (4 bytes).
    Removing stmflash.o(.rrx_text), (6 bytes).
    Removing stmflash.o(i.ulCopy_Code_Flash), (84 bytes).
    Removing sys.o(.rev16_text), (4 bytes).
    Removing sys.o(.revsh_text), (4 bytes).
    Removing sys.o(.rrx_text), (6 bytes).
    Removing sys.o(.emb_text), (16 bytes).
    Removing usart.o(.rev16_text), (4 bytes).
    Removing usart.o(.revsh_text), (4 bytes).
    Removing usart.o(.rrx_text), (6 bytes).
    Removing usart.o(i.xMBPortSerialGetByte), (20 bytes).
    Removing usart.o(i.xMBPortSerialPutByte), (12 bytes).
    Removing aes.o(i.Cipher), (124 bytes).
    Removing aes.o(i.Cipherfor), (36 bytes).
    Removing aes.o(i.MixColumns), (132 bytes).
    Removing aes.o(i.ShiftRows), (56 bytes).
    Removing aes.o(i.SubBytes), (36 bytes).

326 unused section(s) (total 18472 bytes) removed from the image.

==============================================================================

Image Symbol Table

    Local Symbols

    Symbol Name                              Value     Ov Type        Size  Object(Section)

    ../clib/microlib/division.c              0x00000000   Number         0  uldiv.o ABSOLUTE
    ../clib/microlib/init/entry.s            0x00000000   Number         0  entry8b.o ABSOLUTE
    ../clib/microlib/init/entry.s            0x00000000   Number         0  entry8a.o ABSOLUTE
    ../clib/microlib/init/entry.s            0x00000000   Number         0  entry10b.o ABSOLUTE
    ../clib/microlib/init/entry.s            0x00000000   Number         0  entry2.o ABSOLUTE
    ../clib/microlib/init/entry.s            0x00000000   Number         0  entry7b.o ABSOLUTE
    ../clib/microlib/init/entry.s            0x00000000   Number         0  entry7a.o ABSOLUTE
    ../clib/microlib/init/entry.s            0x00000000   Number         0  entry11a.o ABSOLUTE
    ../clib/microlib/init/entry.s            0x00000000   Number         0  entry5.o ABSOLUTE
    ../clib/microlib/init/entry.s            0x00000000   Number         0  entry11b.o ABSOLUTE
    ../clib/microlib/init/entry.s            0x00000000   Number         0  entry.o ABSOLUTE
    ../clib/microlib/init/entry.s            0x00000000   Number         0  entry9a.o ABSOLUTE
    ../clib/microlib/init/entry.s            0x00000000   Number         0  entry9b.o ABSOLUTE
    ../clib/microlib/init/entry.s            0x00000000   Number         0  entry10a.o ABSOLUTE
    ../clib/microlib/longlong.c              0x00000000   Number         0  llshl.o ABSOLUTE
    ../clib/microlib/longlong.c              0x00000000   Number         0  llushr.o ABSOLUTE
    ../clib/microlib/string/memcpy.c         0x00000000   Number         0  memcpya.o ABSOLUTE
    ../clib/microlib/string/memcpy.c         0x00000000   Number         0  memcpyb.o ABSOLUTE
    ../clib/microlib/string/memset.c         0x00000000   Number         0  memseta.o ABSOLUTE
    ..\Drivers\CMSIS\Device\ST\STM32L4xx\Source\Templates\arm\startup_stm32l496xx.s 0x00000000   Number         0  startup_stm32l496xx.o ABSOLUTE
    ..\Drivers\CMSIS\Device\ST\STM32L4xx\Source\Templates\system_stm32l4xx.c 0x00000000   Number         0  system_stm32l4xx.o ABSOLUTE
    ..\Drivers\STM32L4xx_HAL_Driver\Src\stm32l4xx_hal.c 0x00000000   Number         0  stm32l4xx_hal.o ABSOLUTE
    ..\Drivers\STM32L4xx_HAL_Driver\Src\stm32l4xx_hal_cortex.c 0x00000000   Number         0  stm32l4xx_hal_cortex.o ABSOLUTE
    ..\Drivers\STM32L4xx_HAL_Driver\Src\stm32l4xx_hal_dma.c 0x00000000   Number         0  stm32l4xx_hal_dma.o ABSOLUTE
    ..\Drivers\STM32L4xx_HAL_Driver\Src\stm32l4xx_hal_dma_ex.c 0x00000000   Number         0  stm32l4xx_hal_dma_ex.o ABSOLUTE
    ..\Drivers\STM32L4xx_HAL_Driver\Src\stm32l4xx_hal_flash.c 0x00000000   Number         0  stm32l4xx_hal_flash.o ABSOLUTE
    ..\Drivers\STM32L4xx_HAL_Driver\Src\stm32l4xx_hal_flash_ex.c 0x00000000   Number         0  stm32l4xx_hal_flash_ex.o ABSOLUTE
    ..\Drivers\STM32L4xx_HAL_Driver\Src\stm32l4xx_hal_flash_ramfunc.c 0x00000000   Number         0  stm32l4xx_hal_flash_ramfunc.o ABSOLUTE
    ..\Drivers\STM32L4xx_HAL_Driver\Src\stm32l4xx_hal_gpio.c 0x00000000   Number         0  stm32l4xx_hal_gpio.o ABSOLUTE
    ..\Drivers\STM32L4xx_HAL_Driver\Src\stm32l4xx_hal_pwr.c 0x00000000   Number         0  stm32l4xx_hal_pwr.o ABSOLUTE
    ..\Drivers\STM32L4xx_HAL_Driver\Src\stm32l4xx_hal_pwr_ex.c 0x00000000   Number         0  stm32l4xx_hal_pwr_ex.o ABSOLUTE
    ..\Drivers\STM32L4xx_HAL_Driver\Src\stm32l4xx_hal_rcc.c 0x00000000   Number         0  stm32l4xx_hal_rcc.o ABSOLUTE
    ..\Drivers\STM32L4xx_HAL_Driver\Src\stm32l4xx_hal_rcc_ex.c 0x00000000   Number         0  stm32l4xx_hal_rcc_ex.o ABSOLUTE
    ..\Drivers\STM32L4xx_HAL_Driver\Src\stm32l4xx_hal_uart.c 0x00000000   Number         0  stm32l4xx_hal_uart.o ABSOLUTE
    ..\Drivers\STM32L4xx_HAL_Driver\Src\stm32l4xx_hal_uart_ex.c 0x00000000   Number         0  stm32l4xx_hal_uart_ex.o ABSOLUTE
    ..\Drivers\STM32L4xx_HAL_Driver\Src\stm32l4xx_hal_usart.c 0x00000000   Number         0  stm32l4xx_hal_usart.o ABSOLUTE
    ..\Drivers\STM32L4xx_HAL_Driver\Src\stm32l4xx_hal_usart_ex.c 0x00000000   Number         0  stm32l4xx_hal_usart_ex.o ABSOLUTE
    ..\HardWare\aes\aes.c                    0x00000000   Number         0  aes.o ABSOLUTE
    ..\HardWare\clock\clocks.c               0x00000000   Number         0  clocks.o ABSOLUTE
    ..\HardWare\dataprocess\dataprocess.c    0x00000000   Number         0  dataprocess.o ABSOLUTE
    ..\HardWare\iap\iap.c                    0x00000000   Number         0  iap.o ABSOLUTE
    ..\HardWare\stmflash\stmflash.c          0x00000000   Number         0  stmflash.o ABSOLUTE
    ..\HardWare\sys\sys.c                    0x00000000   Number         0  sys.o ABSOLUTE
    ..\HardWare\usart\usart.c                0x00000000   Number         0  usart.o ABSOLUTE
    ..\MAIN\main.c                           0x00000000   Number         0  main.o ABSOLUTE
    ..\MAIN\stm32l4xx_it.c                   0x00000000   Number         0  stm32l4xx_it.o ABSOLUTE
    ..\\Drivers\\CMSIS\\Device\\ST\\STM32L4xx\\Source\\Templates\\system_stm32l4xx.c 0x00000000   Number         0  system_stm32l4xx.o ABSOLUTE
    ..\\Drivers\\STM32L4xx_HAL_Driver\\Src\\stm32l4xx_hal.c 0x00000000   Number         0  stm32l4xx_hal.o ABSOLUTE
    ..\\Drivers\\STM32L4xx_HAL_Driver\\Src\\stm32l4xx_hal_cortex.c 0x00000000   Number         0  stm32l4xx_hal_cortex.o ABSOLUTE
    ..\\Drivers\\STM32L4xx_HAL_Driver\\Src\\stm32l4xx_hal_dma.c 0x00000000   Number         0  stm32l4xx_hal_dma.o ABSOLUTE
    ..\\Drivers\\STM32L4xx_HAL_Driver\\Src\\stm32l4xx_hal_dma_ex.c 0x00000000   Number         0  stm32l4xx_hal_dma_ex.o ABSOLUTE
    ..\\Drivers\\STM32L4xx_HAL_Driver\\Src\\stm32l4xx_hal_flash.c 0x00000000   Number         0  stm32l4xx_hal_flash.o ABSOLUTE
    ..\\Drivers\\STM32L4xx_HAL_Driver\\Src\\stm32l4xx_hal_flash_ex.c 0x00000000   Number         0  stm32l4xx_hal_flash_ex.o ABSOLUTE
    ..\\Drivers\\STM32L4xx_HAL_Driver\\Src\\stm32l4xx_hal_flash_ramfunc.c 0x00000000   Number         0  stm32l4xx_hal_flash_ramfunc.o ABSOLUTE
    ..\\Drivers\\STM32L4xx_HAL_Driver\\Src\\stm32l4xx_hal_gpio.c 0x00000000   Number         0  stm32l4xx_hal_gpio.o ABSOLUTE
    ..\\Drivers\\STM32L4xx_HAL_Driver\\Src\\stm32l4xx_hal_pwr.c 0x00000000   Number         0  stm32l4xx_hal_pwr.o ABSOLUTE
    ..\\Drivers\\STM32L4xx_HAL_Driver\\Src\\stm32l4xx_hal_pwr_ex.c 0x00000000   Number         0  stm32l4xx_hal_pwr_ex.o ABSOLUTE
    ..\\Drivers\\STM32L4xx_HAL_Driver\\Src\\stm32l4xx_hal_rcc.c 0x00000000   Number         0  stm32l4xx_hal_rcc.o ABSOLUTE
    ..\\Drivers\\STM32L4xx_HAL_Driver\\Src\\stm32l4xx_hal_rcc_ex.c 0x00000000   Number         0  stm32l4xx_hal_rcc_ex.o ABSOLUTE
    ..\\Drivers\\STM32L4xx_HAL_Driver\\Src\\stm32l4xx_hal_uart.c 0x00000000   Number         0  stm32l4xx_hal_uart.o ABSOLUTE
    ..\\Drivers\\STM32L4xx_HAL_Driver\\Src\\stm32l4xx_hal_uart_ex.c 0x00000000   Number         0  stm32l4xx_hal_uart_ex.o ABSOLUTE
    ..\\Drivers\\STM32L4xx_HAL_Driver\\Src\\stm32l4xx_hal_usart.c 0x00000000   Number         0  stm32l4xx_hal_usart.o ABSOLUTE
    ..\\Drivers\\STM32L4xx_HAL_Driver\\Src\\stm32l4xx_hal_usart_ex.c 0x00000000   Number         0  stm32l4xx_hal_usart_ex.o ABSOLUTE
    ..\\HardWare\\clock\\clocks.c            0x00000000   Number         0  clocks.o ABSOLUTE
    ..\\HardWare\\dataprocess\\dataprocess.c 0x00000000   Number         0  dataprocess.o ABSOLUTE
    ..\\HardWare\\iap\\iap.c                 0x00000000   Number         0  iap.o ABSOLUTE
    ..\\HardWare\\stmflash\\stmflash.c       0x00000000   Number         0  stmflash.o ABSOLUTE
    ..\\HardWare\\sys\\sys.c                 0x00000000   Number         0  sys.o ABSOLUTE
    ..\\HardWare\\usart\\usart.c             0x00000000   Number         0  usart.o ABSOLUTE
    ..\\MAIN\\main.c                         0x00000000   Number         0  main.o ABSOLUTE
    ..\\MAIN\\stm32l4xx_it.c                 0x00000000   Number         0  stm32l4xx_it.o ABSOLUTE
    dc.s                                     0x00000000   Number         0  dc.o ABSOLUTE
    handlers.s                               0x00000000   Number         0  handlers.o ABSOLUTE
    init.s                                   0x00000000   Number         0  init.o ABSOLUTE
    RESET                                    0x08000000   Section      428  startup_stm32l496xx.o(RESET)
    .ARM.Collect$$$$00000000                 0x080001ac   Section        0  entry.o(.ARM.Collect$$$$00000000)
    .ARM.Collect$$$$00000001                 0x080001ac   Section        4  entry2.o(.ARM.Collect$$$$00000001)
    .ARM.Collect$$$$00000004                 0x080001b0   Section        4  entry5.o(.ARM.Collect$$$$00000004)
    .ARM.Collect$$$$00000008                 0x080001b4   Section        0  entry7b.o(.ARM.Collect$$$$00000008)
    .ARM.Collect$$$$0000000A                 0x080001b4   Section        0  entry8b.o(.ARM.Collect$$$$0000000A)
    .ARM.Collect$$$$0000000B                 0x080001b4   Section        8  entry9a.o(.ARM.Collect$$$$0000000B)
    .ARM.Collect$$$$0000000D                 0x080001bc   Section        0  entry10a.o(.ARM.Collect$$$$0000000D)
    .ARM.Collect$$$$0000000F                 0x080001bc   Section        0  entry11a.o(.ARM.Collect$$$$0000000F)
    .ARM.Collect$$$$00002712                 0x080001bc   Section        4  entry2.o(.ARM.Collect$$$$00002712)
    __lit__00000000                          0x080001bc   Data           4  entry2.o(.ARM.Collect$$$$00002712)
    .text                                    0x080001c0   Section       36  startup_stm32l496xx.o(.text)
    $v0                                      0x080001c0   Number         0  startup_stm32l496xx.o(.text)
    .text                                    0x080001e4   Section        0  uldiv.o(.text)
    .text                                    0x0800024c   Section        0  memcpya.o(.text)
    .text                                    0x08000270   Section        0  memseta.o(.text)
    .text                                    0x08000294   Section        0  llshl.o(.text)
    .text                                    0x080002b2   Section        0  llushr.o(.text)
    .text                                    0x080002d4   Section       36  init.o(.text)
    i.AES                                    0x080002f8   Section        0  aes.o(i.AES)
    i.AddRoundKey                            0x0800034c   Section        0  aes.o(i.AddRoundKey)
    i.BusFault_Handler                       0x08000370   Section        0  stm32l4xx_it.o(i.BusFault_Handler)
    i.DebugMon_Handler                       0x08000372   Section        0  stm32l4xx_it.o(i.DebugMon_Handler)
    i.EnterCriticalSection                   0x08000374   Section        0  usart.o(i.EnterCriticalSection)
    i.ExitCriticalSection                    0x08000388   Section        0  usart.o(i.ExitCriticalSection)
    i.FFmul                                  0x080003a0   Section        0  aes.o(i.FFmul)
    i.FLASH_FlushCaches                      0x080003e0   Section        0  stm32l4xx_hal_flash_ex.o(i.FLASH_FlushCaches)
    i.FLASH_MassErase                        0x08000434   Section        0  stm32l4xx_hal_flash_ex.o(i.FLASH_MassErase)
    FLASH_MassErase                          0x08000435   Thumb Code    36  stm32l4xx_hal_flash_ex.o(i.FLASH_MassErase)
    i.FLASH_PageErase                        0x0800045c   Section        0  stm32l4xx_hal_flash_ex.o(i.FLASH_PageErase)
    i.FLASH_Program_DoubleWord               0x08000490   Section        0  stm32l4xx_hal_flash.o(i.FLASH_Program_DoubleWord)
    FLASH_Program_DoubleWord                 0x08000491   Thumb Code    22  stm32l4xx_hal_flash.o(i.FLASH_Program_DoubleWord)
    i.FLASH_Program_Fast                     0x080004ac   Section        0  stm32l4xx_hal_flash.o(i.FLASH_Program_Fast)
    FLASH_Program_Fast                       0x080004ad   Thumb Code    38  stm32l4xx_hal_flash.o(i.FLASH_Program_Fast)
    i.FLASH_WaitForLastOperation             0x080004d8   Section        0  stm32l4xx_hal_flash.o(i.FLASH_WaitForLastOperation)
    i.GetBank                                0x08000538   Section        0  stmflash.o(i.GetBank)
    GetBank                                  0x08000539   Thumb Code    66  stmflash.o(i.GetBank)
    i.GetPage                                0x08000584   Section        0  stmflash.o(i.GetPage)
    GetPage                                  0x08000585   Thumb Code    62  stmflash.o(i.GetPage)
    i.HAL_DeInit                             0x080005c8   Section        0  stm32l4xx_hal.o(i.HAL_DeInit)
    i.HAL_Delay                              0x080005f8   Section        0  stm32l4xx_hal.o(i.HAL_Delay)
    i.HAL_FLASHEx_Erase                      0x0800061c   Section        0  stm32l4xx_hal_flash_ex.o(i.HAL_FLASHEx_Erase)
    i.HAL_FLASH_Lock                         0x08000708   Section        0  stm32l4xx_hal_flash.o(i.HAL_FLASH_Lock)
    i.HAL_FLASH_Program                      0x0800071c   Section        0  stm32l4xx_hal_flash.o(i.HAL_FLASH_Program)
    i.HAL_FLASH_Unlock                       0x080007c8   Section        0  stm32l4xx_hal_flash.o(i.HAL_FLASH_Unlock)
    i.HAL_GPIO_Init                          0x080007f0   Section        0  stm32l4xx_hal_gpio.o(i.HAL_GPIO_Init)
    i.HAL_GetTick                            0x080009a4   Section        0  stm32l4xx_hal.o(i.HAL_GetTick)
    i.HAL_IncTick                            0x080009b0   Section        0  stm32l4xx_hal.o(i.HAL_IncTick)
    i.HAL_Init                               0x080009c0   Section        0  stm32l4xx_hal.o(i.HAL_Init)
    i.HAL_InitTick                           0x080009ec   Section        0  stm32l4xx_hal.o(i.HAL_InitTick)
    i.HAL_MspDeInit                          0x08000a30   Section        0  stm32l4xx_hal.o(i.HAL_MspDeInit)
    i.HAL_MspInit                            0x08000a32   Section        0  stm32l4xx_hal.o(i.HAL_MspInit)
    i.HAL_NVIC_ClearPendingIRQ               0x08000a34   Section        0  stm32l4xx_hal_cortex.o(i.HAL_NVIC_ClearPendingIRQ)
    i.HAL_NVIC_DisableIRQ                    0x08000a4e   Section        0  stm32l4xx_hal_cortex.o(i.HAL_NVIC_DisableIRQ)
    i.HAL_NVIC_EnableIRQ                     0x08000a70   Section        0  stm32l4xx_hal_cortex.o(i.HAL_NVIC_EnableIRQ)
    i.HAL_NVIC_SetPriority                   0x08000a8c   Section        0  stm32l4xx_hal_cortex.o(i.HAL_NVIC_SetPriority)
    i.HAL_NVIC_SetPriorityGrouping           0x08000acc   Section        0  stm32l4xx_hal_cortex.o(i.HAL_NVIC_SetPriorityGrouping)
    i.HAL_PWREx_ControlVoltageScaling        0x08000af0   Section        0  stm32l4xx_hal_pwr_ex.o(i.HAL_PWREx_ControlVoltageScaling)
    i.HAL_PWREx_GetVoltageRange              0x08000b58   Section        0  stm32l4xx_hal_pwr_ex.o(i.HAL_PWREx_GetVoltageRange)
    i.HAL_PWREx_PVD_PVM_IRQHandler           0x08000b68   Section        0  stm32l4xx_hal_pwr_ex.o(i.HAL_PWREx_PVD_PVM_IRQHandler)
    i.HAL_PWREx_PVM1Callback                 0x08000bc0   Section        0  stm32l4xx_hal_pwr_ex.o(i.HAL_PWREx_PVM1Callback)
    i.HAL_PWREx_PVM2Callback                 0x08000bc2   Section        0  stm32l4xx_hal_pwr_ex.o(i.HAL_PWREx_PVM2Callback)
    i.HAL_PWREx_PVM3Callback                 0x08000bc4   Section        0  stm32l4xx_hal_pwr_ex.o(i.HAL_PWREx_PVM3Callback)
    i.HAL_PWREx_PVM4Callback                 0x08000bc6   Section        0  stm32l4xx_hal_pwr_ex.o(i.HAL_PWREx_PVM4Callback)
    i.HAL_PWR_EnableBkUpAccess               0x08000bc8   Section        0  stm32l4xx_hal_pwr.o(i.HAL_PWR_EnableBkUpAccess)
    i.HAL_PWR_PVDCallback                    0x08000bd8   Section        0  stm32l4xx_hal_pwr.o(i.HAL_PWR_PVDCallback)
    i.HAL_RCCEx_PeriphCLKConfig              0x08000bdc   Section        0  stm32l4xx_hal_rcc_ex.o(i.HAL_RCCEx_PeriphCLKConfig)
    i.HAL_RCC_ClockConfig                    0x08000fa4   Section        0  stm32l4xx_hal_rcc.o(i.HAL_RCC_ClockConfig)
    i.HAL_RCC_GetSysClockFreq                0x080010d0   Section        0  stm32l4xx_hal_rcc.o(i.HAL_RCC_GetSysClockFreq)
    i.HAL_RCC_OscConfig                      0x08001174   Section        0  stm32l4xx_hal_rcc.o(i.HAL_RCC_OscConfig)
    i.HAL_SYSTICK_Config                     0x080016dc   Section        0  stm32l4xx_hal_cortex.o(i.HAL_SYSTICK_Config)
    i.HardFault_Handler                      0x08001704   Section        0  stm32l4xx_it.o(i.HardFault_Handler)
    i.InvCipher                              0x08001708   Section        0  aes.o(i.InvCipher)
    i.InvCipherfor                           0x08001780   Section        0  aes.o(i.InvCipherfor)
    i.InvMixColumns                          0x0800179a   Section        0  aes.o(i.InvMixColumns)
    i.InvShiftRows                           0x0800181e   Section        0  aes.o(i.InvShiftRows)
    i.InvSubBytes                            0x08001858   Section        0  aes.o(i.InvSubBytes)
    i.KeyExpansion                           0x0800187c   Section        0  aes.o(i.KeyExpansion)
    i.LPUART1_IRQHandler                     0x08001948   Section        0  stm32l4xx_it.o(i.LPUART1_IRQHandler)
    i.MemManage_Handler                      0x0800197c   Section        0  stm32l4xx_it.o(i.MemManage_Handler)
    i.NMI_Handler                            0x0800197e   Section        0  stm32l4xx_it.o(i.NMI_Handler)
    i.PVD_PVM_IRQHandler                     0x08001980   Section        0  stm32l4xx_it.o(i.PVD_PVM_IRQHandler)
    i.PendSV_Handler                         0x08001984   Section        0  stm32l4xx_it.o(i.PendSV_Handler)
    i.RCCEx_PLLSAI1_Config                   0x08001988   Section        0  stm32l4xx_hal_rcc_ex.o(i.RCCEx_PLLSAI1_Config)
    RCCEx_PLLSAI1_Config                     0x08001989   Thumb Code   276  stm32l4xx_hal_rcc_ex.o(i.RCCEx_PLLSAI1_Config)
    i.RCCEx_PLLSAI2_Config                   0x08001ab0   Section        0  stm32l4xx_hal_rcc_ex.o(i.RCCEx_PLLSAI2_Config)
    RCCEx_PLLSAI2_Config                     0x08001ab1   Thumb Code   246  stm32l4xx_hal_rcc_ex.o(i.RCCEx_PLLSAI2_Config)
    i.RCC_SetFlashLatencyFromMSIRange        0x08001bb4   Section        0  stm32l4xx_hal_rcc.o(i.RCC_SetFlashLatencyFromMSIRange)
    RCC_SetFlashLatencyFromMSIRange          0x08001bb5   Thumb Code   116  stm32l4xx_hal_rcc.o(i.RCC_SetFlashLatencyFromMSIRange)
    i.SVC_Handler                            0x08001c30   Section        0  stm32l4xx_it.o(i.SVC_Handler)
    i.SysTick_Handler                        0x08001c32   Section        0  stm32l4xx_it.o(i.SysTick_Handler)
    i.SystemInit                             0x08001c38   Section        0  system_stm32l4xx.o(i.SystemInit)
    i.UsageFault_Handler                     0x08001c74   Section        0  stm32l4xx_it.o(i.UsageFault_Handler)
    i.__NVIC_SetPriority                     0x08001c76   Section        0  stm32l4xx_hal_cortex.o(i.__NVIC_SetPriority)
    __NVIC_SetPriority                       0x08001c77   Thumb Code    32  stm32l4xx_hal_cortex.o(i.__NVIC_SetPriority)
    i.__scatterload_copy                     0x08001c96   Section       14  handlers.o(i.__scatterload_copy)
    i.__scatterload_null                     0x08001ca4   Section        2  handlers.o(i.__scatterload_null)
    i.__scatterload_zeroinit                 0x08001ca6   Section       14  handlers.o(i.__scatterload_zeroinit)
    i.iap_load_app                           0x08001cb4   Section        0  iap.o(i.iap_load_app)
    i.main                                   0x08001cf8   Section        0  main.o(i.main)
    i.ucCodeToFlash                          0x08001d4c   Section        0  dataprocess.o(i.ucCodeToFlash)
    i.ucFLASH_ERASE                          0x08001d60   Section        0  stmflash.o(i.ucFLASH_ERASE)
    i.ucFLASH_PROGRAM                        0x08001dd0   Section        0  stmflash.o(i.ucFLASH_PROGRAM)
    i.ucFLASH_USER_PAGE_PROGRAM              0x08001e1a   Section        0  stmflash.o(i.ucFLASH_USER_PAGE_PROGRAM)
    i.ucHandshake                            0x08001e54   Section        0  dataprocess.o(i.ucHandshake)
    i.ulByteToDoubleword                     0x08001e90   Section        0  stmflash.o(i.ulByteToDoubleword)
    i.ulRx_State_Check                       0x08001f10   Section        0  usart.o(i.ulRx_State_Check)
    i.usCRCcheck                             0x08001f4c   Section        0  dataprocess.o(i.usCRCcheck)
    i.usDLdatacheck                          0x08001f80   Section        0  dataprocess.o(i.usDLdatacheck)
    i.vDecode                                0x08001fb0   Section        0  dataprocess.o(i.vDecode)
    i.vDeviceRunControl                      0x08001fcc   Section        0  iap.o(i.vDeviceRunControl)
    i.vIapProcess                            0x08002214   Section        0  dataprocess.o(i.vIapProcess)
    i.vIapStateSet                           0x08002344   Section        0  iap.o(i.vIapStateSet)
    i.vLPUART1_Rx_IRQHandler                 0x08002394   Section        0  usart.o(i.vLPUART1_Rx_IRQHandler)
    i.vLPUART1_Tx_IRQHandler                 0x080023d0   Section        0  usart.o(i.vLPUART1_Tx_IRQHandler)
    i.vMBPortSerialEnable                    0x080023fc   Section        0  usart.o(i.vMBPortSerialEnable)
    i.vPeriphClockConfig                     0x0800243c   Section        0  clocks.o(i.vPeriphClockConfig)
    i.vSystemClockConfig16MHz                0x080024a8   Section        0  clocks.o(i.vSystemClockConfig16MHz)
    i.vSystemClockConfig4MHz                 0x080024f4   Section        0  clocks.o(i.vSystemClockConfig4MHz)
    i.xMBPortSerialInit                      0x08002540   Section        0  usart.o(i.xMBPortSerialInit)
    .constdata                               0x08002710   Section       64  system_stm32l4xx.o(.constdata)
    .constdata                               0x08002750   Section      512  aes.o(.constdata)
    .data                                    0x20000000   Section        4  system_stm32l4xx.o(.data)
    .data                                    0x20000004   Section       12  stm32l4xx_hal.o(.data)
    .data                                    0x20000010   Section       32  stm32l4xx_hal_flash.o(.data)
    .data                                    0x20000030   Section       21  dataprocess.o(.data)
    .data                                    0x20000048   Section       16  iap.o(.data)
    .data                                    0x20000058   Section       20  usart.o(.data)
    .bss                                     0x2000006c   Section       36  iap.o(.bss)
    .bss                                     0x20000090   Section     3092  usart.o(.bss)
    .bss                                     0x20000ca4   Section      688  aes.o(.bss)
    .ARM.__AT_0x20001000                     0x20001000   Section     3072  usart.o(.ARM.__AT_0x20001000)
    STACK                                    0x20001c00   Section     1024  startup_stm32l496xx.o(STACK)

    Global Symbols

    Symbol Name                              Value     Ov Type        Size  Object(Section)

    BuildAttributes$$THM_ISAv4$E$P$D$K$B$S$7EM$VFPi3$EXTD16$VFPS$VFMA$PE$A:L22UL41UL21$X:L11$S22US41US21$IEEE1$IW$USESV6$~STKCKD$USESV7$~SHL$OSPACE$EBA8$MICROLIB$REQ8$PRES8$EABIv2 0x00000000   Number         0  anon$$obj.o ABSOLUTE
    __ARM_use_no_argv                        0x00000000   Number         0  main.o ABSOLUTE
    __cpp_initialize__aeabi_                  - Undefined Weak Reference
    __cxa_finalize                            - Undefined Weak Reference
    __decompress                              - Undefined Weak Reference
    _clock_init                               - Undefined Weak Reference
    _microlib_exit                            - Undefined Weak Reference
    __Vectors_Size                           0x000001ac   Number         0  startup_stm32l496xx.o ABSOLUTE
    __Vectors                                0x08000000   Data           4  startup_stm32l496xx.o(RESET)
    __Vectors_End                            0x080001ac   Data           0  startup_stm32l496xx.o(RESET)
    __main                                   0x080001ad   Thumb Code     0  entry.o(.ARM.Collect$$$$00000000)
    _main_stk                                0x080001ad   Thumb Code     0  entry2.o(.ARM.Collect$$$$00000001)
    _main_scatterload                        0x080001b1   Thumb Code     0  entry5.o(.ARM.Collect$$$$00000004)
    __main_after_scatterload                 0x080001b5   Thumb Code     0  entry5.o(.ARM.Collect$$$$00000004)
    _main_clock                              0x080001b5   Thumb Code     0  entry7b.o(.ARM.Collect$$$$00000008)
    _main_cpp_init                           0x080001b5   Thumb Code     0  entry8b.o(.ARM.Collect$$$$0000000A)
    _main_init                               0x080001b5   Thumb Code     0  entry9a.o(.ARM.Collect$$$$0000000B)
    __rt_final_cpp                           0x080001bd   Thumb Code     0  entry10a.o(.ARM.Collect$$$$0000000D)
    __rt_final_exit                          0x080001bd   Thumb Code     0  entry11a.o(.ARM.Collect$$$$0000000F)
    Reset_Handler                            0x080001c1   Thumb Code     8  startup_stm32l496xx.o(.text)
    ADC1_2_IRQHandler                        0x080001db   Thumb Code     0  startup_stm32l496xx.o(.text)
    ADC3_IRQHandler                          0x080001db   Thumb Code     0  startup_stm32l496xx.o(.text)
    CAN1_RX0_IRQHandler                      0x080001db   Thumb Code     0  startup_stm32l496xx.o(.text)
    CAN1_RX1_IRQHandler                      0x080001db   Thumb Code     0  startup_stm32l496xx.o(.text)
    CAN1_SCE_IRQHandler                      0x080001db   Thumb Code     0  startup_stm32l496xx.o(.text)
    CAN1_TX_IRQHandler                       0x080001db   Thumb Code     0  startup_stm32l496xx.o(.text)
    CAN2_RX0_IRQHandler                      0x080001db   Thumb Code     0  startup_stm32l496xx.o(.text)
    CAN2_RX1_IRQHandler                      0x080001db   Thumb Code     0  startup_stm32l496xx.o(.text)
    CAN2_SCE_IRQHandler                      0x080001db   Thumb Code     0  startup_stm32l496xx.o(.text)
    CAN2_TX_IRQHandler                       0x080001db   Thumb Code     0  startup_stm32l496xx.o(.text)
    COMP_IRQHandler                          0x080001db   Thumb Code     0  startup_stm32l496xx.o(.text)
    CRS_IRQHandler                           0x080001db   Thumb Code     0  startup_stm32l496xx.o(.text)
    DCMI_IRQHandler                          0x080001db   Thumb Code     0  startup_stm32l496xx.o(.text)
    DFSDM1_FLT0_IRQHandler                   0x080001db   Thumb Code     0  startup_stm32l496xx.o(.text)
    DFSDM1_FLT1_IRQHandler                   0x080001db   Thumb Code     0  startup_stm32l496xx.o(.text)
    DFSDM1_FLT2_IRQHandler                   0x080001db   Thumb Code     0  startup_stm32l496xx.o(.text)
    DFSDM1_FLT3_IRQHandler                   0x080001db   Thumb Code     0  startup_stm32l496xx.o(.text)
    DMA1_Channel1_IRQHandler                 0x080001db   Thumb Code     0  startup_stm32l496xx.o(.text)
    DMA1_Channel2_IRQHandler                 0x080001db   Thumb Code     0  startup_stm32l496xx.o(.text)
    DMA1_Channel3_IRQHandler                 0x080001db   Thumb Code     0  startup_stm32l496xx.o(.text)
    DMA1_Channel4_IRQHandler                 0x080001db   Thumb Code     0  startup_stm32l496xx.o(.text)
    DMA1_Channel5_IRQHandler                 0x080001db   Thumb Code     0  startup_stm32l496xx.o(.text)
    DMA1_Channel6_IRQHandler                 0x080001db   Thumb Code     0  startup_stm32l496xx.o(.text)
    DMA1_Channel7_IRQHandler                 0x080001db   Thumb Code     0  startup_stm32l496xx.o(.text)
    DMA2D_IRQHandler                         0x080001db   Thumb Code     0  startup_stm32l496xx.o(.text)
    DMA2_Channel1_IRQHandler                 0x080001db   Thumb Code     0  startup_stm32l496xx.o(.text)
    DMA2_Channel2_IRQHandler                 0x080001db   Thumb Code     0  startup_stm32l496xx.o(.text)
    DMA2_Channel3_IRQHandler                 0x080001db   Thumb Code     0  startup_stm32l496xx.o(.text)
    DMA2_Channel4_IRQHandler                 0x080001db   Thumb Code     0  startup_stm32l496xx.o(.text)
    DMA2_Channel5_IRQHandler                 0x080001db   Thumb Code     0  startup_stm32l496xx.o(.text)
    DMA2_Channel6_IRQHandler                 0x080001db   Thumb Code     0  startup_stm32l496xx.o(.text)
    DMA2_Channel7_IRQHandler                 0x080001db   Thumb Code     0  startup_stm32l496xx.o(.text)
    EXTI0_IRQHandler                         0x080001db   Thumb Code     0  startup_stm32l496xx.o(.text)
    EXTI15_10_IRQHandler                     0x080001db   Thumb Code     0  startup_stm32l496xx.o(.text)
    EXTI1_IRQHandler                         0x080001db   Thumb Code     0  startup_stm32l496xx.o(.text)
    EXTI2_IRQHandler                         0x080001db   Thumb Code     0  startup_stm32l496xx.o(.text)
    EXTI3_IRQHandler                         0x080001db   Thumb Code     0  startup_stm32l496xx.o(.text)
    EXTI4_IRQHandler                         0x080001db   Thumb Code     0  startup_stm32l496xx.o(.text)
    EXTI9_5_IRQHandler                       0x080001db   Thumb Code     0  startup_stm32l496xx.o(.text)
    FLASH_IRQHandler                         0x080001db   Thumb Code     0  startup_stm32l496xx.o(.text)
    FMC_IRQHandler                           0x080001db   Thumb Code     0  startup_stm32l496xx.o(.text)
    FPU_IRQHandler                           0x080001db   Thumb Code     0  startup_stm32l496xx.o(.text)
    I2C1_ER_IRQHandler                       0x080001db   Thumb Code     0  startup_stm32l496xx.o(.text)
    I2C1_EV_IRQHandler                       0x080001db   Thumb Code     0  startup_stm32l496xx.o(.text)
    I2C2_ER_IRQHandler                       0x080001db   Thumb Code     0  startup_stm32l496xx.o(.text)
    I2C2_EV_IRQHandler                       0x080001db   Thumb Code     0  startup_stm32l496xx.o(.text)
    I2C3_ER_IRQHandler                       0x080001db   Thumb Code     0  startup_stm32l496xx.o(.text)
    I2C3_EV_IRQHandler                       0x080001db   Thumb Code     0  startup_stm32l496xx.o(.text)
    I2C4_ER_IRQHandler                       0x080001db   Thumb Code     0  startup_stm32l496xx.o(.text)
    I2C4_EV_IRQHandler                       0x080001db   Thumb Code     0  startup_stm32l496xx.o(.text)
    LCD_IRQHandler                           0x080001db   Thumb Code     0  startup_stm32l496xx.o(.text)
    LPTIM1_IRQHandler                        0x080001db   Thumb Code     0  startup_stm32l496xx.o(.text)
    LPTIM2_IRQHandler                        0x080001db   Thumb Code     0  startup_stm32l496xx.o(.text)
    OTG_FS_IRQHandler                        0x080001db   Thumb Code     0  startup_stm32l496xx.o(.text)
    QUADSPI_IRQHandler                       0x080001db   Thumb Code     0  startup_stm32l496xx.o(.text)
    RCC_IRQHandler                           0x080001db   Thumb Code     0  startup_stm32l496xx.o(.text)
    RNG_IRQHandler                           0x080001db   Thumb Code     0  startup_stm32l496xx.o(.text)
    RTC_Alarm_IRQHandler                     0x080001db   Thumb Code     0  startup_stm32l496xx.o(.text)
    RTC_WKUP_IRQHandler                      0x080001db   Thumb Code     0  startup_stm32l496xx.o(.text)
    SAI1_IRQHandler                          0x080001db   Thumb Code     0  startup_stm32l496xx.o(.text)
    SAI2_IRQHandler                          0x080001db   Thumb Code     0  startup_stm32l496xx.o(.text)
    SDMMC1_IRQHandler                        0x080001db   Thumb Code     0  startup_stm32l496xx.o(.text)
    SPI1_IRQHandler                          0x080001db   Thumb Code     0  startup_stm32l496xx.o(.text)
    SPI2_IRQHandler                          0x080001db   Thumb Code     0  startup_stm32l496xx.o(.text)
    SPI3_IRQHandler                          0x080001db   Thumb Code     0  startup_stm32l496xx.o(.text)
    SWPMI1_IRQHandler                        0x080001db   Thumb Code     0  startup_stm32l496xx.o(.text)
    TAMP_STAMP_IRQHandler                    0x080001db   Thumb Code     0  startup_stm32l496xx.o(.text)
    TIM1_BRK_TIM15_IRQHandler                0x080001db   Thumb Code     0  startup_stm32l496xx.o(.text)
    TIM1_CC_IRQHandler                       0x080001db   Thumb Code     0  startup_stm32l496xx.o(.text)
    TIM1_TRG_COM_TIM17_IRQHandler            0x080001db   Thumb Code     0  startup_stm32l496xx.o(.text)
    TIM1_UP_TIM16_IRQHandler                 0x080001db   Thumb Code     0  startup_stm32l496xx.o(.text)
    TIM2_IRQHandler                          0x080001db   Thumb Code     0  startup_stm32l496xx.o(.text)
    TIM3_IRQHandler                          0x080001db   Thumb Code     0  startup_stm32l496xx.o(.text)
    TIM4_IRQHandler                          0x080001db   Thumb Code     0  startup_stm32l496xx.o(.text)
    TIM5_IRQHandler                          0x080001db   Thumb Code     0  startup_stm32l496xx.o(.text)
    TIM6_DAC_IRQHandler                      0x080001db   Thumb Code     0  startup_stm32l496xx.o(.text)
    TIM7_IRQHandler                          0x080001db   Thumb Code     0  startup_stm32l496xx.o(.text)
    TIM8_BRK_IRQHandler                      0x080001db   Thumb Code     0  startup_stm32l496xx.o(.text)
    TIM8_CC_IRQHandler                       0x080001db   Thumb Code     0  startup_stm32l496xx.o(.text)
    TIM8_TRG_COM_IRQHandler                  0x080001db   Thumb Code     0  startup_stm32l496xx.o(.text)
    TIM8_UP_IRQHandler                       0x080001db   Thumb Code     0  startup_stm32l496xx.o(.text)
    TSC_IRQHandler                           0x080001db   Thumb Code     0  startup_stm32l496xx.o(.text)
    UART4_IRQHandler                         0x080001db   Thumb Code     0  startup_stm32l496xx.o(.text)
    UART5_IRQHandler                         0x080001db   Thumb Code     0  startup_stm32l496xx.o(.text)
    USART1_IRQHandler                        0x080001db   Thumb Code     0  startup_stm32l496xx.o(.text)
    USART2_IRQHandler                        0x080001db   Thumb Code     0  startup_stm32l496xx.o(.text)
    USART3_IRQHandler                        0x080001db   Thumb Code     0  startup_stm32l496xx.o(.text)
    WWDG_IRQHandler                          0x080001db   Thumb Code     0  startup_stm32l496xx.o(.text)
    __aeabi_uldivmod                         0x080001e5   Thumb Code    98  uldiv.o(.text)
    __aeabi_memcpy                           0x0800024d   Thumb Code    36  memcpya.o(.text)
    __aeabi_memcpy4                          0x0800024d   Thumb Code     0  memcpya.o(.text)
    __aeabi_memcpy8                          0x0800024d   Thumb Code     0  memcpya.o(.text)
    __aeabi_memset                           0x08000271   Thumb Code    14  memseta.o(.text)
    __aeabi_memset4                          0x08000271   Thumb Code     0  memseta.o(.text)
    __aeabi_memset8                          0x08000271   Thumb Code     0  memseta.o(.text)
    __aeabi_memclr                           0x0800027f   Thumb Code     4  memseta.o(.text)
    __aeabi_memclr4                          0x0800027f   Thumb Code     0  memseta.o(.text)
    __aeabi_memclr8                          0x0800027f   Thumb Code     0  memseta.o(.text)
    _memset$wrapper                          0x08000283   Thumb Code    18  memseta.o(.text)
    __aeabi_llsl                             0x08000295   Thumb Code    30  llshl.o(.text)
    _ll_shift_l                              0x08000295   Thumb Code     0  llshl.o(.text)
    __aeabi_llsr                             0x080002b3   Thumb Code    32  llushr.o(.text)
    _ll_ushift_r                             0x080002b3   Thumb Code     0  llushr.o(.text)
    __scatterload                            0x080002d5   Thumb Code    28  init.o(.text)
    __scatterload_rt2                        0x080002d5   Thumb Code     0  init.o(.text)
    AES                                      0x080002f9   Thumb Code    68  aes.o(i.AES)
    AddRoundKey                              0x0800034d   Thumb Code    36  aes.o(i.AddRoundKey)
    BusFault_Handler                         0x08000371   Thumb Code     2  stm32l4xx_it.o(i.BusFault_Handler)
    DebugMon_Handler                         0x08000373   Thumb Code     2  stm32l4xx_it.o(i.DebugMon_Handler)
    EnterCriticalSection                     0x08000375   Thumb Code    14  usart.o(i.EnterCriticalSection)
    ExitCriticalSection                      0x08000389   Thumb Code    18  usart.o(i.ExitCriticalSection)
    FFmul                                    0x080003a1   Thumb Code    64  aes.o(i.FFmul)
    FLASH_FlushCaches                        0x080003e1   Thumb Code    76  stm32l4xx_hal_flash_ex.o(i.FLASH_FlushCaches)
    FLASH_PageErase                          0x0800045d   Thumb Code    46  stm32l4xx_hal_flash_ex.o(i.FLASH_PageErase)
    FLASH_WaitForLastOperation               0x080004d9   Thumb Code    88  stm32l4xx_hal_flash.o(i.FLASH_WaitForLastOperation)
    HAL_DeInit                               0x080005c9   Thumb Code    42  stm32l4xx_hal.o(i.HAL_DeInit)
    HAL_Delay                                0x080005f9   Thumb Code    32  stm32l4xx_hal.o(i.HAL_Delay)
    HAL_FLASHEx_Erase                        0x0800061d   Thumb Code   218  stm32l4xx_hal_flash_ex.o(i.HAL_FLASHEx_Erase)
    HAL_FLASH_Lock                           0x08000709   Thumb Code    14  stm32l4xx_hal_flash.o(i.HAL_FLASH_Lock)
    HAL_FLASH_Program                        0x0800071d   Thumb Code   156  stm32l4xx_hal_flash.o(i.HAL_FLASH_Program)
    HAL_FLASH_Unlock                         0x080007c9   Thumb Code    28  stm32l4xx_hal_flash.o(i.HAL_FLASH_Unlock)
    HAL_GPIO_Init                            0x080007f1   Thumb Code   388  stm32l4xx_hal_gpio.o(i.HAL_GPIO_Init)
    HAL_GetTick                              0x080009a5   Thumb Code     6  stm32l4xx_hal.o(i.HAL_GetTick)
    HAL_IncTick                              0x080009b1   Thumb Code    12  stm32l4xx_hal.o(i.HAL_IncTick)
    HAL_Init                                 0x080009c1   Thumb Code    40  stm32l4xx_hal.o(i.HAL_Init)
    HAL_InitTick                             0x080009ed   Thumb Code    58  stm32l4xx_hal.o(i.HAL_InitTick)
    HAL_MspDeInit                            0x08000a31   Thumb Code     2  stm32l4xx_hal.o(i.HAL_MspDeInit)
    HAL_MspInit                              0x08000a33   Thumb Code     2  stm32l4xx_hal.o(i.HAL_MspInit)
    HAL_NVIC_ClearPendingIRQ                 0x08000a35   Thumb Code    26  stm32l4xx_hal_cortex.o(i.HAL_NVIC_ClearPendingIRQ)
    HAL_NVIC_DisableIRQ                      0x08000a4f   Thumb Code    34  stm32l4xx_hal_cortex.o(i.HAL_NVIC_DisableIRQ)
    HAL_NVIC_EnableIRQ                       0x08000a71   Thumb Code    26  stm32l4xx_hal_cortex.o(i.HAL_NVIC_EnableIRQ)
    HAL_NVIC_SetPriority                     0x08000a8d   Thumb Code    60  stm32l4xx_hal_cortex.o(i.HAL_NVIC_SetPriority)
    HAL_NVIC_SetPriorityGrouping             0x08000acd   Thumb Code    26  stm32l4xx_hal_cortex.o(i.HAL_NVIC_SetPriorityGrouping)
    HAL_PWREx_ControlVoltageScaling          0x08000af1   Thumb Code    90  stm32l4xx_hal_pwr_ex.o(i.HAL_PWREx_ControlVoltageScaling)
    HAL_PWREx_GetVoltageRange                0x08000b59   Thumb Code    10  stm32l4xx_hal_pwr_ex.o(i.HAL_PWREx_GetVoltageRange)
    HAL_PWREx_PVD_PVM_IRQHandler             0x08000b69   Thumb Code    82  stm32l4xx_hal_pwr_ex.o(i.HAL_PWREx_PVD_PVM_IRQHandler)
    HAL_PWREx_PVM1Callback                   0x08000bc1   Thumb Code     2  stm32l4xx_hal_pwr_ex.o(i.HAL_PWREx_PVM1Callback)
    HAL_PWREx_PVM2Callback                   0x08000bc3   Thumb Code     2  stm32l4xx_hal_pwr_ex.o(i.HAL_PWREx_PVM2Callback)
    HAL_PWREx_PVM3Callback                   0x08000bc5   Thumb Code     2  stm32l4xx_hal_pwr_ex.o(i.HAL_PWREx_PVM3Callback)
    HAL_PWREx_PVM4Callback                   0x08000bc7   Thumb Code     2  stm32l4xx_hal_pwr_ex.o(i.HAL_PWREx_PVM4Callback)
    HAL_PWR_EnableBkUpAccess                 0x08000bc9   Thumb Code    12  stm32l4xx_hal_pwr.o(i.HAL_PWR_EnableBkUpAccess)
    HAL_PWR_PVDCallback                      0x08000bd9   Thumb Code     2  stm32l4xx_hal_pwr.o(i.HAL_PWR_PVDCallback)
    HAL_RCCEx_PeriphCLKConfig                0x08000bdd   Thumb Code   950  stm32l4xx_hal_rcc_ex.o(i.HAL_RCCEx_PeriphCLKConfig)
    HAL_RCC_ClockConfig                      0x08000fa5   Thumb Code   278  stm32l4xx_hal_rcc.o(i.HAL_RCC_ClockConfig)
    HAL_RCC_GetSysClockFreq                  0x080010d1   Thumb Code   152  stm32l4xx_hal_rcc.o(i.HAL_RCC_GetSysClockFreq)
    HAL_RCC_OscConfig                        0x08001175   Thumb Code  1374  stm32l4xx_hal_rcc.o(i.HAL_RCC_OscConfig)
    HAL_SYSTICK_Config                       0x080016dd   Thumb Code    40  stm32l4xx_hal_cortex.o(i.HAL_SYSTICK_Config)
    HardFault_Handler                        0x08001705   Thumb Code     2  stm32l4xx_it.o(i.HardFault_Handler)
    InvCipher                                0x08001709   Thumb Code   116  aes.o(i.InvCipher)
    InvCipherfor                             0x08001781   Thumb Code    26  aes.o(i.InvCipherfor)
    InvMixColumns                            0x0800179b   Thumb Code   132  aes.o(i.InvMixColumns)
    InvShiftRows                             0x0800181f   Thumb Code    58  aes.o(i.InvShiftRows)
    InvSubBytes                              0x08001859   Thumb Code    32  aes.o(i.InvSubBytes)
    KeyExpansion                             0x0800187d   Thumb Code   184  aes.o(i.KeyExpansion)
    LPUART1_IRQHandler                       0x08001949   Thumb Code    46  stm32l4xx_it.o(i.LPUART1_IRQHandler)
    MemManage_Handler                        0x0800197d   Thumb Code     2  stm32l4xx_it.o(i.MemManage_Handler)
    NMI_Handler                              0x0800197f   Thumb Code     2  stm32l4xx_it.o(i.NMI_Handler)
    PVD_PVM_IRQHandler                       0x08001981   Thumb Code     4  stm32l4xx_it.o(i.PVD_PVM_IRQHandler)
    PendSV_Handler                           0x08001985   Thumb Code     2  stm32l4xx_it.o(i.PendSV_Handler)
    SVC_Handler                              0x08001c31   Thumb Code     2  stm32l4xx_it.o(i.SVC_Handler)
    SysTick_Handler                          0x08001c33   Thumb Code     4  stm32l4xx_it.o(i.SysTick_Handler)
    SystemInit                               0x08001c39   Thumb Code    48  system_stm32l4xx.o(i.SystemInit)
    UsageFault_Handler                       0x08001c75   Thumb Code     2  stm32l4xx_it.o(i.UsageFault_Handler)
    __scatterload_copy                       0x08001c97   Thumb Code    14  handlers.o(i.__scatterload_copy)
    __scatterload_null                       0x08001ca5   Thumb Code     2  handlers.o(i.__scatterload_null)
    __scatterload_zeroinit                   0x08001ca7   Thumb Code    14  handlers.o(i.__scatterload_zeroinit)
    iap_load_app                             0x08001cb5   Thumb Code    62  iap.o(i.iap_load_app)
    main                                     0x08001cf9   Thumb Code    76  main.o(i.main)
    ucCodeToFlash                            0x08001d4d   Thumb Code    18  dataprocess.o(i.ucCodeToFlash)
    ucFLASH_ERASE                            0x08001d61   Thumb Code   102  stmflash.o(i.ucFLASH_ERASE)
    ucFLASH_PROGRAM                          0x08001dd1   Thumb Code    74  stmflash.o(i.ucFLASH_PROGRAM)
    ucFLASH_USER_PAGE_PROGRAM                0x08001e1b   Thumb Code    56  stmflash.o(i.ucFLASH_USER_PAGE_PROGRAM)
    ucHandshake                              0x08001e55   Thumb Code    52  dataprocess.o(i.ucHandshake)
    ulByteToDoubleword                       0x08001e91   Thumb Code   128  stmflash.o(i.ulByteToDoubleword)
    ulRx_State_Check                         0x08001f11   Thumb Code    46  usart.o(i.ulRx_State_Check)
    usCRCcheck                               0x08001f4d   Thumb Code    50  dataprocess.o(i.usCRCcheck)
    usDLdatacheck                            0x08001f81   Thumb Code    44  dataprocess.o(i.usDLdatacheck)
    vDecode                                  0x08001fb1   Thumb Code    24  dataprocess.o(i.vDecode)
    vDeviceRunControl                        0x08001fcd   Thumb Code   548  iap.o(i.vDeviceRunControl)
    vIapProcess                              0x08002215   Thumb Code   270  dataprocess.o(i.vIapProcess)
    vIapStateSet                             0x08002345   Thumb Code    72  iap.o(i.vIapStateSet)
    vLPUART1_Rx_IRQHandler                   0x08002395   Thumb Code    42  usart.o(i.vLPUART1_Rx_IRQHandler)
    vLPUART1_Tx_IRQHandler                   0x080023d1   Thumb Code    32  usart.o(i.vLPUART1_Tx_IRQHandler)
    vMBPortSerialEnable                      0x080023fd   Thumb Code    60  usart.o(i.vMBPortSerialEnable)
    vPeriphClockConfig                       0x0800243d   Thumb Code    98  clocks.o(i.vPeriphClockConfig)
    vSystemClockConfig16MHz                  0x080024a9   Thumb Code    76  clocks.o(i.vSystemClockConfig16MHz)
    vSystemClockConfig4MHz                   0x080024f5   Thumb Code    76  clocks.o(i.vSystemClockConfig4MHz)
    xMBPortSerialInit                        0x08002541   Thumb Code   422  usart.o(i.xMBPortSerialInit)
    AHBPrescTable                            0x08002710   Data          16  system_stm32l4xx.o(.constdata)
    MSIRangeTable                            0x08002720   Data          48  system_stm32l4xx.o(.constdata)
    Region$$Table$$Base                      0x08002950   Number         0  anon$$obj.o(Region$$Table)
    Region$$Table$$Limit                     0x08002970   Number         0  anon$$obj.o(Region$$Table)
    SystemCoreClock                          0x20000000   Data           4  system_stm32l4xx.o(.data)
    uwTickFreq                               0x20000004   Data           1  stm32l4xx_hal.o(.data)
    uwTickPrio                               0x20000008   Data           4  stm32l4xx_hal.o(.data)
    uwTick                                   0x2000000c   Data           4  stm32l4xx_hal.o(.data)
    pFlash                                   0x20000010   Data          32  stm32l4xx_hal_flash.o(.data)
    RX_CHECK_BUF                             0x20000030   Data           5  dataprocess.o(.data)
    key                                      0x20000035   Data          16  dataprocess.o(.data)
    ucJumpToLoad                             0x20000048   Data           1  iap.o(.data)
    eDeviceState                             0x20000049   Data           1  iap.o(.data)
    eIapStatus                               0x2000004a   Data           1  iap.o(.data)
    usTimeOut                                0x2000004c   Data           2  iap.o(.data)
    usRunCount                               0x2000004e   Data           2  iap.o(.data)
    ulData32                                 0x20000050   Data           4  iap.o(.data)
    jump2app                                 0x20000054   Data           4  iap.o(.data)
    ucCriticalNesting                        0x20000058   Data           1  usart.o(.data)
    USART_RX_CNT                             0x2000005c   Data           4  usart.o(.data)
    USART_TX_CNT                             0x20000060   Data           4  usart.o(.data)
    ulOldCount                               0x20000064   Data           4  usart.o(.data)
    USART_TX_SIZE                            0x20000068   Data           4  usart.o(.data)
    ucPageWriteState                         0x2000006c   Data          15  iap.o(.bss)
    xPackHandle                              0x2000007c   Data          20  iap.o(.bss)
    USART_DL_BUF                             0x20000090   Data        3072  usart.o(.bss)
    USART_TX_BUF                             0x20000c90   Data          20  usart.o(.bss)
    w                                        0x20000ca4   Data         176  aes.o(.bss)
    Sbox                                     0x20000d54   Data         256  aes.o(.bss)
    InvSbox                                  0x20000e54   Data         256  aes.o(.bss)
    USART_RX_BUF                             0x20001000   Data        3072  usart.o(.ARM.__AT_0x20001000)
    __initial_sp                             0x20002000   Data           0  startup_stm32l496xx.o(STACK)



==============================================================================

Memory Map of the image

  Image Entry point : 0x080001ad

  Load Region LR_IROM1 (Base: 0x08000000, Size: 0x000029dc, Max: 0x00007000, ABSOLUTE)

    Execution Region ER_IROM1 (Exec base: 0x08000000, Load base: 0x08000000, Size: 0x00002970, Max: 0x00007000, ABSOLUTE)

    Exec Addr    Load Addr    Size         Type   Attr      Idx    E Section Name        Object

    0x08000000   0x08000000   0x000001ac   Data   RO          483    RESET               startup_stm32l496xx.o
    0x080001ac   0x080001ac   0x00000000   Code   RO         2864  * .ARM.Collect$$$$00000000  mc_w.l(entry.o)
    0x080001ac   0x080001ac   0x00000004   Code   RO         2875    .ARM.Collect$$$$00000001  mc_w.l(entry2.o)
    0x080001b0   0x080001b0   0x00000004   Code   RO         2878    .ARM.Collect$$$$00000004  mc_w.l(entry5.o)
    0x080001b4   0x080001b4   0x00000000   Code   RO         2880    .ARM.Collect$$$$00000008  mc_w.l(entry7b.o)
    0x080001b4   0x080001b4   0x00000000   Code   RO         2882    .ARM.Collect$$$$0000000A  mc_w.l(entry8b.o)
    0x080001b4   0x080001b4   0x00000008   Code   RO         2883    .ARM.Collect$$$$0000000B  mc_w.l(entry9a.o)
    0x080001bc   0x080001bc   0x00000000   Code   RO         2885    .ARM.Collect$$$$0000000D  mc_w.l(entry10a.o)
    0x080001bc   0x080001bc   0x00000000   Code   RO         2887    .ARM.Collect$$$$0000000F  mc_w.l(entry11a.o)
    0x080001bc   0x080001bc   0x00000004   Code   RO         2876    .ARM.Collect$$$$00002712  mc_w.l(entry2.o)
    0x080001c0   0x080001c0   0x00000024   Code   RO          484    .text               startup_stm32l496xx.o
    0x080001e4   0x080001e4   0x00000068   Code   RO         2867    .text               mc_w.l(uldiv.o)
    0x0800024c   0x0800024c   0x00000024   Code   RO         2869    .text               mc_w.l(memcpya.o)
    0x08000270   0x08000270   0x00000024   Code   RO         2871    .text               mc_w.l(memseta.o)
    0x08000294   0x08000294   0x0000001e   Code   RO         2889    .text               mc_w.l(llshl.o)
    0x080002b2   0x080002b2   0x00000020   Code   RO         2891    .text               mc_w.l(llushr.o)
    0x080002d2   0x080002d2   0x00000002   PAD
    0x080002d4   0x080002d4   0x00000024   Code   RO         2893    .text               mc_w.l(init.o)
    0x080002f8   0x080002f8   0x00000054   Code   RO         2769    i.AES               aes.o
    0x0800034c   0x0800034c   0x00000024   Code   RO         2770    i.AddRoundKey       aes.o
    0x08000370   0x08000370   0x00000002   Code   RO          206    i.BusFault_Handler  stm32l4xx_it.o
    0x08000372   0x08000372   0x00000002   Code   RO          207    i.DebugMon_Handler  stm32l4xx_it.o
    0x08000374   0x08000374   0x00000014   Code   RO         2693    i.EnterCriticalSection  usart.o
    0x08000388   0x08000388   0x00000018   Code   RO         2694    i.ExitCriticalSection  usart.o
    0x080003a0   0x080003a0   0x00000040   Code   RO         2773    i.FFmul             aes.o
    0x080003e0   0x080003e0   0x00000054   Code   RO          834    i.FLASH_FlushCaches  stm32l4xx_hal_flash_ex.o
    0x08000434   0x08000434   0x00000028   Code   RO          835    i.FLASH_MassErase   stm32l4xx_hal_flash_ex.o
    0x0800045c   0x0800045c   0x00000034   Code   RO          840    i.FLASH_PageErase   stm32l4xx_hal_flash_ex.o
    0x08000490   0x08000490   0x0000001c   Code   RO          725    i.FLASH_Program_DoubleWord  stm32l4xx_hal_flash.o
    0x080004ac   0x080004ac   0x0000002c   Code   RO          726    i.FLASH_Program_Fast  stm32l4xx_hal_flash.o
    0x080004d8   0x080004d8   0x00000060   Code   RO          727    i.FLASH_WaitForLastOperation  stm32l4xx_hal_flash.o
    0x08000538   0x08000538   0x0000004c   Code   RO         2613    i.GetBank           stmflash.o
    0x08000584   0x08000584   0x00000044   Code   RO         2614    i.GetPage           stmflash.o
    0x080005c8   0x080005c8   0x00000030   Code   RO          497    i.HAL_DeInit        stm32l4xx_hal.o
    0x080005f8   0x080005f8   0x00000024   Code   RO          498    i.HAL_Delay         stm32l4xx_hal.o
    0x0800061c   0x0800061c   0x000000ea   Code   RO          841    i.HAL_FLASHEx_Erase  stm32l4xx_hal_flash_ex.o
    0x08000706   0x08000706   0x00000002   PAD
    0x08000708   0x08000708   0x00000014   Code   RO          731    i.HAL_FLASH_Lock    stm32l4xx_hal_flash.o
    0x0800071c   0x0800071c   0x000000aa   Code   RO          736    i.HAL_FLASH_Program  stm32l4xx_hal_flash.o
    0x080007c6   0x080007c6   0x00000002   PAD
    0x080007c8   0x080007c8   0x00000028   Code   RO          738    i.HAL_FLASH_Unlock  stm32l4xx_hal_flash.o
    0x080007f0   0x080007f0   0x000001b2   Code   RO         1312    i.HAL_GPIO_Init     stm32l4xx_hal_gpio.o
    0x080009a2   0x080009a2   0x00000002   PAD
    0x080009a4   0x080009a4   0x0000000c   Code   RO          502    i.HAL_GetTick       stm32l4xx_hal.o
    0x080009b0   0x080009b0   0x00000010   Code   RO          508    i.HAL_IncTick       stm32l4xx_hal.o
    0x080009c0   0x080009c0   0x0000002c   Code   RO          509    i.HAL_Init          stm32l4xx_hal.o
    0x080009ec   0x080009ec   0x00000044   Code   RO          510    i.HAL_InitTick      stm32l4xx_hal.o
    0x08000a30   0x08000a30   0x00000002   Code   RO          511    i.HAL_MspDeInit     stm32l4xx_hal.o
    0x08000a32   0x08000a32   0x00000002   Code   RO          512    i.HAL_MspInit       stm32l4xx_hal.o
    0x08000a34   0x08000a34   0x0000001a   Code   RO         1674    i.HAL_NVIC_ClearPendingIRQ  stm32l4xx_hal_cortex.o
    0x08000a4e   0x08000a4e   0x00000022   Code   RO         1675    i.HAL_NVIC_DisableIRQ  stm32l4xx_hal_cortex.o
    0x08000a70   0x08000a70   0x0000001a   Code   RO         1676    i.HAL_NVIC_EnableIRQ  stm32l4xx_hal_cortex.o
    0x08000a8a   0x08000a8a   0x00000002   PAD
    0x08000a8c   0x08000a8c   0x00000040   Code   RO         1682    i.HAL_NVIC_SetPriority  stm32l4xx_hal_cortex.o
    0x08000acc   0x08000acc   0x00000024   Code   RO         1683    i.HAL_NVIC_SetPriorityGrouping  stm32l4xx_hal_cortex.o
    0x08000af0   0x08000af0   0x00000068   Code   RO         1058    i.HAL_PWREx_ControlVoltageScaling  stm32l4xx_hal_pwr_ex.o
    0x08000b58   0x08000b58   0x00000010   Code   RO         1089    i.HAL_PWREx_GetVoltageRange  stm32l4xx_hal_pwr_ex.o
    0x08000b68   0x08000b68   0x00000058   Code   RO         1090    i.HAL_PWREx_PVD_PVM_IRQHandler  stm32l4xx_hal_pwr_ex.o
    0x08000bc0   0x08000bc0   0x00000002   Code   RO         1091    i.HAL_PWREx_PVM1Callback  stm32l4xx_hal_pwr_ex.o
    0x08000bc2   0x08000bc2   0x00000002   Code   RO         1092    i.HAL_PWREx_PVM2Callback  stm32l4xx_hal_pwr_ex.o
    0x08000bc4   0x08000bc4   0x00000002   Code   RO         1093    i.HAL_PWREx_PVM3Callback  stm32l4xx_hal_pwr_ex.o
    0x08000bc6   0x08000bc6   0x00000002   Code   RO         1094    i.HAL_PWREx_PVM4Callback  stm32l4xx_hal_pwr_ex.o
    0x08000bc8   0x08000bc8   0x00000010   Code   RO          950    i.HAL_PWR_EnableBkUpAccess  stm32l4xx_hal_pwr.o
    0x08000bd8   0x08000bd8   0x00000002   Code   RO          958    i.HAL_PWR_PVDCallback  stm32l4xx_hal_pwr.o
    0x08000bda   0x08000bda   0x00000002   PAD
    0x08000bdc   0x08000bdc   0x000003c6   Code   RO         1500    i.HAL_RCCEx_PeriphCLKConfig  stm32l4xx_hal_rcc_ex.o
    0x08000fa2   0x08000fa2   0x00000002   PAD
    0x08000fa4   0x08000fa4   0x0000012c   Code   RO         1376    i.HAL_RCC_ClockConfig  stm32l4xx_hal_rcc.o
    0x080010d0   0x080010d0   0x000000a4   Code   RO         1384    i.HAL_RCC_GetSysClockFreq  stm32l4xx_hal_rcc.o
    0x08001174   0x08001174   0x00000568   Code   RO         1387    i.HAL_RCC_OscConfig  stm32l4xx_hal_rcc.o
    0x080016dc   0x080016dc   0x00000028   Code   RO         1687    i.HAL_SYSTICK_Config  stm32l4xx_hal_cortex.o
    0x08001704   0x08001704   0x00000002   Code   RO          208    i.HardFault_Handler  stm32l4xx_it.o
    0x08001706   0x08001706   0x00000002   PAD
    0x08001708   0x08001708   0x00000078   Code   RO         2774    i.InvCipher         aes.o
    0x08001780   0x08001780   0x0000001a   Code   RO         2775    i.InvCipherfor      aes.o
    0x0800179a   0x0800179a   0x00000084   Code   RO         2776    i.InvMixColumns     aes.o
    0x0800181e   0x0800181e   0x0000003a   Code   RO         2777    i.InvShiftRows      aes.o
    0x08001858   0x08001858   0x00000024   Code   RO         2778    i.InvSubBytes       aes.o
    0x0800187c   0x0800187c   0x000000cc   Code   RO         2779    i.KeyExpansion      aes.o
    0x08001948   0x08001948   0x00000034   Code   RO          209    i.LPUART1_IRQHandler  stm32l4xx_it.o
    0x0800197c   0x0800197c   0x00000002   Code   RO          210    i.MemManage_Handler  stm32l4xx_it.o
    0x0800197e   0x0800197e   0x00000002   Code   RO          211    i.NMI_Handler       stm32l4xx_it.o
    0x08001980   0x08001980   0x00000004   Code   RO          212    i.PVD_PVM_IRQHandler  stm32l4xx_it.o
    0x08001984   0x08001984   0x00000002   Code   RO          213    i.PendSV_Handler    stm32l4xx_it.o
    0x08001986   0x08001986   0x00000002   PAD
    0x08001988   0x08001988   0x00000128   Code   RO         1504    i.RCCEx_PLLSAI1_Config  stm32l4xx_hal_rcc_ex.o
    0x08001ab0   0x08001ab0   0x00000104   Code   RO         1505    i.RCCEx_PLLSAI2_Config  stm32l4xx_hal_rcc_ex.o
    0x08001bb4   0x08001bb4   0x0000007c   Code   RO         1388    i.RCC_SetFlashLatencyFromMSIRange  stm32l4xx_hal_rcc.o
    0x08001c30   0x08001c30   0x00000002   Code   RO          214    i.SVC_Handler       stm32l4xx_it.o
    0x08001c32   0x08001c32   0x00000004   Code   RO          215    i.SysTick_Handler   stm32l4xx_it.o
    0x08001c36   0x08001c36   0x00000002   PAD
    0x08001c38   0x08001c38   0x0000003c   Code   RO          447    i.SystemInit        system_stm32l4xx.o
    0x08001c74   0x08001c74   0x00000002   Code   RO          216    i.UsageFault_Handler  stm32l4xx_it.o
    0x08001c76   0x08001c76   0x00000020   Code   RO         1689    i.__NVIC_SetPriority  stm32l4xx_hal_cortex.o
    0x08001c96   0x08001c96   0x0000000e   Code   RO         2897    i.__scatterload_copy  mc_w.l(handlers.o)
    0x08001ca4   0x08001ca4   0x00000002   Code   RO         2898    i.__scatterload_null  mc_w.l(handlers.o)
    0x08001ca6   0x08001ca6   0x0000000e   Code   RO         2899    i.__scatterload_zeroinit  mc_w.l(handlers.o)
    0x08001cb4   0x08001cb4   0x00000044   Code   RO         2555    i.iap_load_app      iap.o
    0x08001cf8   0x08001cf8   0x00000054   Code   RO            4    i.main              main.o
    0x08001d4c   0x08001d4c   0x00000012   Code   RO         2488    i.ucCodeToFlash     dataprocess.o
    0x08001d5e   0x08001d5e   0x00000002   PAD
    0x08001d60   0x08001d60   0x00000070   Code   RO         2615    i.ucFLASH_ERASE     stmflash.o
    0x08001dd0   0x08001dd0   0x0000004a   Code   RO         2616    i.ucFLASH_PROGRAM   stmflash.o
    0x08001e1a   0x08001e1a   0x00000038   Code   RO         2617    i.ucFLASH_USER_PAGE_PROGRAM  stmflash.o
    0x08001e52   0x08001e52   0x00000002   PAD
    0x08001e54   0x08001e54   0x0000003c   Code   RO         2489    i.ucHandshake       dataprocess.o
    0x08001e90   0x08001e90   0x00000080   Code   RO         2618    i.ulByteToDoubleword  stmflash.o
    0x08001f10   0x08001f10   0x0000003c   Code   RO         2695    i.ulRx_State_Check  usart.o
    0x08001f4c   0x08001f4c   0x00000032   Code   RO         2490    i.usCRCcheck        dataprocess.o
    0x08001f7e   0x08001f7e   0x00000002   PAD
    0x08001f80   0x08001f80   0x00000030   Code   RO         2491    i.usDLdatacheck     dataprocess.o
    0x08001fb0   0x08001fb0   0x0000001c   Code   RO         2492    i.vDecode           dataprocess.o
    0x08001fcc   0x08001fcc   0x00000248   Code   RO         2556    i.vDeviceRunControl  iap.o
    0x08002214   0x08002214   0x0000012e   Code   RO         2493    i.vIapProcess       dataprocess.o
    0x08002342   0x08002342   0x00000002   PAD
    0x08002344   0x08002344   0x00000050   Code   RO         2558    i.vIapStateSet      iap.o
    0x08002394   0x08002394   0x0000003c   Code   RO         2696    i.vLPUART1_Rx_IRQHandler  usart.o
    0x080023d0   0x080023d0   0x0000002c   Code   RO         2697    i.vLPUART1_Tx_IRQHandler  usart.o
    0x080023fc   0x080023fc   0x00000040   Code   RO         2698    i.vMBPortSerialEnable  usart.o
    0x0800243c   0x0800243c   0x0000006c   Code   RO         2431    i.vPeriphClockConfig  clocks.o
    0x080024a8   0x080024a8   0x0000004c   Code   RO         2432    i.vSystemClockConfig16MHz  clocks.o
    0x080024f4   0x080024f4   0x0000004c   Code   RO         2435    i.vSystemClockConfig4MHz  clocks.o
    0x08002540   0x08002540   0x000001ce   Code   RO         2700    i.xMBPortSerialInit  usart.o
    0x0800270e   0x0800270e   0x00000002   PAD
    0x08002710   0x08002710   0x00000040   Data   RO          448    .constdata          system_stm32l4xx.o
    0x08002750   0x08002750   0x00000200   Data   RO         2784    .constdata          aes.o
    0x08002950   0x08002950   0x00000020   Data   RO         2895    Region$$Table       anon$$obj.o


    Execution Region RW_IRAM1 (Exec base: 0x20000000, Load base: 0x08002970, Size: 0x00002000, Max: 0x00050000, ABSOLUTE)

    Exec Addr    Load Addr    Size         Type   Attr      Idx    E Section Name        Object

    0x20000000   0x08002970   0x00000004   Data   RW          450    .data               system_stm32l4xx.o
    0x20000004   0x08002974   0x0000000c   Data   RW          526    .data               stm32l4xx_hal.o
    0x20000010   0x08002980   0x00000020   Data   RW          739    .data               stm32l4xx_hal_flash.o
    0x20000030   0x080029a0   0x00000015   Data   RW         2494    .data               dataprocess.o
    0x20000045   0x080029b5   0x00000003   PAD
    0x20000048   0x080029b8   0x00000010   Data   RW         2560    .data               iap.o
    0x20000058   0x080029c8   0x00000014   Data   RW         2704    .data               usart.o
    0x2000006c        -       0x00000024   Zero   RW         2559    .bss                iap.o
    0x20000090        -       0x00000c14   Zero   RW         2703    .bss                usart.o
    0x20000ca4        -       0x000002b0   Zero   RW         2783    .bss                aes.o
    0x20000f54   0x080029dc   0x000000ac   PAD
    0x20001000        -       0x00000c00   Zero   RW         2702    .ARM.__AT_0x20001000  usart.o
    0x20001c00        -       0x00000400   Zero   RW          481    STACK               startup_stm32l496xx.o


==============================================================================

Image component sizes


      Code (inc. data)   RO Data    RW Data    ZI Data      Debug   Object Name

       760         40        512          0        688       7311   aes.o
       260         10          0          0          0       1928   clocks.o
       506         46          0         21          0       5154   dataprocess.o
       732         34          0         16         36      10297   iap.o
        84          8          0          0          0       5039   main.o
        36          8        428          0       1024        920   startup_stm32l496xx.o
       228         34          0         12          0      17980   stm32l4xx_hal.o
       258         14          0          0          0      35188   stm32l4xx_hal_cortex.o
       398         46          0         32          0      23362   stm32l4xx_hal_flash.o
       410         28          0          0          0       3814   stm32l4xx_hal_flash_ex.o
       434         40          0          0          0       1868   stm32l4xx_hal_gpio.o
        18          4          0          0          0       1069   stm32l4xx_hal_pwr.o
       216         26          0          0          0       4189   stm32l4xx_hal_pwr_ex.o
      1972         74          0          0          0       6094   stm32l4xx_hal_rcc.o
      1522         44          0          0          0       4200   stm32l4xx_hal_rcc_ex.o
        76          6          0          0          0     839464   stm32l4xx_it.o
       514         26          0          0          0       5091   stmflash.o
        60         12         64          4          0       1409   system_stm32l4xx.o
       734         94          0         20       6164       6520   usart.o

    ----------------------------------------------------------------------
      9246        594       1036        108       8084     980897   Object Totals
         0          0         32          0          0          0   (incl. Generated)
        28          0          0          3        172          0   (incl. Padding)

    ----------------------------------------------------------------------

      Code (inc. data)   RO Data    RW Data    ZI Data      Debug   Library Member Name

         0          0          0          0          0          0   entry.o
         0          0          0          0          0          0   entry10a.o
         0          0          0          0          0          0   entry11a.o
         8          4          0          0          0          0   entry2.o
         4          0          0          0          0          0   entry5.o
         0          0          0          0          0          0   entry7b.o
         0          0          0          0          0          0   entry8b.o
         8          4          0          0          0          0   entry9a.o
        30          0          0          0          0          0   handlers.o
        36          8          0          0          0         68   init.o
        30          0          0          0          0         68   llshl.o
        32          0          0          0          0         68   llushr.o
        36          0          0          0          0         68   memcpya.o
        36          0          0          0          0        108   memseta.o
       104          0          0          0          0         92   uldiv.o

    ----------------------------------------------------------------------
       326         16          0          0          0        472   Library Totals
         2          0          0          0          0          0   (incl. Padding)

    ----------------------------------------------------------------------

      Code (inc. data)   RO Data    RW Data    ZI Data      Debug   Library Name

       324         16          0          0          0        472   mc_w.l

    ----------------------------------------------------------------------
       326         16          0          0          0        472   Library Totals

    ----------------------------------------------------------------------

==============================================================================


      Code (inc. data)   RO Data    RW Data    ZI Data      Debug   

      9572        610       1036        108       8084     973217   Grand Totals
      9572        610       1036        108       8084     973217   ELF Image Totals
      9572        610       1036        108          0          0   ROM Totals

==============================================================================

    Total RO  Size (Code + RO Data)                10608 (  10.36kB)
    Total RW  Size (RW Data + ZI Data)              8192 (   8.00kB)
    Total ROM Size (Code + RO Data + RW Data)      10716 (  10.46kB)

==============================================================================

